[Licensing::Module] Trying to connect to existing licensing client channel...
Built from '6000.5/staging' branch; Version is '6000.5.4f1 (d550df8bd089) revision 13979871'; Using compiler version '194234433'; Build Type 'Release'
OS: 'Windows 11  (10.0.26200) Core' Language: 'en' Physical Memory: 16016 MB
[Licensing::IpcConnector] Successfully connected to: "LicenseClient-User" at "2026-07-30T06:19:16.7150224Z"
BatchMode: 1, IsHumanControllingUs: 0, StartBugReporterOnCrash: 0, Is64bit: 1
System  architecture: x64
Process architecture: x64
Date: 2026-07-30T06:19:16Z

COMMAND LINE ARGUMENTS:
C:\Program Files\Unity\Hub\Editor\6000.5.4f1\Editor\Unity.exe
-adb2
-batchMode
-noUpm
-name
AssetImportWorkerHW2
-projectPath
C:/Users/User/InnvationChallenge/earth/My project (1)
-logFile
Logs/AssetImportWorkerHW2.log
-srvPort
52236
-parentPid
19604
-analyticsCloudUserId
18968469318931
-analyticsCloudProjectId
a71e73b8-e509-432a-9909-3fdc3814ea85
-analyticsLocalProjectId
95543f3c1bdcaf14db9858cf1e7a5ca6
-licensingIpc
LicenseClient-User
-noDiagnosticSwitchPersistentStore
-job-worker-count
5
-background-job-worker-count
8
-asset-garbage-collectors
1
-force-d3d12
-name
AssetImport
Successfully changed project path to: C:/Users/User/InnvationChallenge/earth/My project (1)
C:/Users/User/InnvationChallenge/earth/My project (1)
[UnityMemory] Configuration Parameters - Can be set up in boot.config
    "memorysetup-temp-allocator-size-gi-baking-worker=262144"
    "memorysetup-temp-allocator-size-gi-baking-worker=262144"
    "memorysetup-temp-allocator-size-gi-baking-worker=262144"
    "memorysetup-temp-allocator-size-gi-baking-worker=262144"
    "memorysetup-temp-allocator-size-gi-baking-worker=262144"
    "memorysetup-temp-allocator-size-nav-mesh-worker=65536"
    "memorysetup-temp-allocator-size-audio-worker=65536"
    "memorysetup-temp-allocator-size-cloud-worker=32768"
    "memorysetup-temp-allocator-size-gfx=262144"
    "memorysetup-temp-allocator-size-preload-manager=33554432"
    "memorysetup-allocator-temp-initial-block-size-main=262144"
    "memorysetup-allocator-temp-initial-block-size-worker=262144"
    "memorysetup-temp-allocator-size-job-worker=262144"
    "memorysetup-temp-allocator-size-background-worker=32768"
    "memorysetup-bucket-allocator-granularity=16"
    "memorysetup-bucket-allocator-bucket-count=8"
    "memorysetup-bucket-allocator-block-size=33554432"
    "memorysetup-bucket-allocator-block-count=8"
    "memorysetup-main-allocator-block-size=16777216"
    "memorysetup-thread-allocator-block-size=16777216"
    "memorysetup-main-allocator-mimalloc-enabled=0"
    "memorysetup-gfx-main-allocator-block-size=16777216"
    "memorysetup-gfx-thread-allocator-block-size=16777216"
    "memorysetup-cache-allocator-block-size=4194304"
    "memorysetup-typetree-allocator-block-size=2097152"
    "memorysetup-profiler-bucket-allocator-granularity=16"
    "memorysetup-profiler-bucket-allocator-bucket-count=8"
    "memorysetup-profiler-bucket-allocator-block-size=33554432"
    "memorysetup-profiler-bucket-allocator-block-count=8"
    "memorysetup-profiler-allocator-block-size=16777216"
    "memorysetup-profiler-editor-allocator-block-size=1048576"
    "memorysetup-temp-allocator-size-main=16777216"
    "memorysetup-job-temp-allocator-block-size=2097152"
    "memorysetup-job-temp-allocator-block-size-background=1048576"
    "memorysetup-job-temp-allocator-reduction-small-platforms=262144"
Player connection [17256]  Target information:

Player connection [17256]  * "[IP] 192.168.1.9 [Port] 0 [Flags] 2 [Guid] 1925924798 [EditorId] 1925924798 [Version] 1048832 [Id] WindowsEditor(7,DESKTOP-8VBDTJF) [Debug] 1 [PackageName] WindowsEditor [ProjectName] Editor" 

Player connection [17256] Host joined multi-casting on [225.0.0.222:54997]...
Player connection [17256] Host joined alternative multi-casting on [225.0.0.222:34997]...
JobSystem: Creating JobQueue using job-worker-count value 5
Input System module state changed to: Initialized.
[Physics::Module] Initialized fallback backend.
[Physics::Module] Id: 0xdecafbad
Library Redirect Path: Library/
[Physics::Module] Selected backend.
[Physics::Module] Name: PhysX
[Physics::Module] Id: 0xf2b8ea05
[Physics::Module] SDK Version: 4.1.2
[Physics::Module] Integration Version: 1.0.0
[Physics::Module] Threading Mode: Multi-Threaded
Refreshing native plugins compatible for Editor in 52.56 ms, found 21 plugins.
Unity memory allocator detected: MetaXRAudio native memory allocations will be tracked.
Preloading 2 native plugins for Editor in 2.43 ms.
Initialize engine version: 6000.5.4f1 (d550df8bd089)
[Subsystems] Discovering subsystems at path C:/Program Files/Unity/Hub/Editor/6000.5.4f1/Editor/Data/Resources/UnitySubsystems
[Subsystems] Discovering subsystems at path C:/Users/User/InnvationChallenge/earth/My project (1)/Assets
Forcing GfxDevice: Direct3D 12
GfxDevice: creating device client; kGfxThreadingModeNonThreaded
d3d12: failed to query info queue interface (0x80004002).
Direct3D:
    Version:         Direct3D 12 [level 12.1]
    Renderer:        Intel(R) Iris(R) Xe Graphics (ID=0xa7a1)
    Vendor:          Intel
    VRAM:            8008 MB
    App VRAM Budget: 7352 MB
    Driver:          32.0.101.7076
    Unified Memory Architecture
    Cache Coherent UMA
Shader 'Meta/MRUK/Scene/HighlightsAndShadows': fallback shader 'Off' not found
Shader 'Oculus/OVRMRCameraFrameLit': fallback shader 'Alpha-Diffuse' not found
Initialize mono
Mono path[0] = 'C:/Program Files/Unity/Hub/Editor/6000.5.4f1/Editor/Data/Managed'
Mono path[1] = 'C:/Program Files/Unity/Hub/Editor/6000.5.4f1/Editor/Data/BCLExtensions/runtime/netstandard2.1'
Mono path[2] = 'C:/Program Files/Unity/Hub/Editor/6000.5.4f1/Editor/Data/MonoBleedingEdge/lib/mono/unityjit-win32'
Mono config path = 'C:/Program Files/Unity/Hub/Editor/6000.5.4f1/Editor/Data/MonoBleedingEdge/etc'
Using monoOptions --debugger-agent=transport=dt_socket,embedding=1,server=y,suspend=n,address=127.0.0.1:56596
CodeReloadManager initialized
Begin MonoManager ReloadAssembly
Registering precompiled unity dll's ...
Register platform support module: C:/Program Files/Unity/Hub/Editor/6000.5.4f1/Editor/Data/PlaybackEngines/WindowsStandaloneSupport/UnityEditor.WindowsStandalone.Extensions.dll
[Licensing::Module] Licensing is not yet initialized.
[Licensing::Client] Error: HandshakeResponse reported an error:
	ResponseCode: 505
	ResponseStatus: Unsupported protocol version '1.18.1'.
[Licensing::Module] Error: Failed to handshake to channel: "LicenseClient-User"
[Licensing::IpcConnector] LicenseClient-User channel disconnected successfully.
[Licensing::IpcConnector] Successfully connected to: "LicenseClient-User-6000.5.4" at "2026-07-30T06:19:21.0124287Z"
[Licensing::Client] Code 10 while verifying Licensing Client signature (process Id: 14220, path: "C:/Program Files/Unity/Hub/Editor/6000.5.4f1/Editor/Data/Resources/Licensing/Client/Unity.Licensing.Client.exe")
[Licensing::Module] LicensingClient has failed validation; ignoring
[Licensing::Client] Handshaking with LicensingClient:
  Version:                 1.18.1+9fbee8e
  Session Id:              d0d33a345c994320908d8c05cf92fbfe
  Correlation Id:          b62ffe51c4d26aac94dac92b17a65128
  External correlation Id: 8066760638630383122
  Machine Id:              jITQ/gih81PwLct2UbHAZ3GtFIM=
[Licensing::Module] Successfully connected to LicensingClient on channel: "LicenseClient-User-6000.5.4" (connect: 0.00s, validation: 0.00s, handshake: 0.02s)
[Licensing::IpcConnector] Successfully connected to: "LicenseClient-User-6000.5.4-notifications" at "2026-07-30T06:19:21.0310578Z"
[Licensing::Module] Licensing Background thread has ended after 4.32s
[Licensing::Module] Licensing is initialized (took 2.01s).
[Licensing::Client] Successfully resolved entitlement details
[Licensing::Module] License group:
  Id: 18968469318931-UnityPersXXXX
  Product: Unity Personal
  Type: Assigned
  Expiration: Unlimited
Register platform support module: C:/Program Files/Unity/Hub/Editor/6000.5.4f1/Editor/Data/PlaybackEngines/AndroidPlayer/UnityEditor.Android.Extensions.dll
Registered in 2.018629 seconds.
Native extension for Android target not found
Native extension for WindowsStandalone target not found
Package Manager log level set to [2]
[Package Manager] Failed to launch server process. Reason: Unity was launched with the -noUpm command-line argument
[Package Manager] Unable to send message (not connected to server process).
[Package Manager] Cannot connect to Unity Package Manager local server
ScheduleIndexationOnStartup MainProcess:False IndexOnStartup:True
Mono: successfully reloaded assembly
- Finished resetting the current domain, in  0.780 seconds
Domain Reload Profiling: 4055ms
	BeginReloadAssembly (490ms)
	RebuildCommonClasses (11ms)
	RebuildNativeTypeToScriptingClass (40ms)
	initialDomainReloadingComplete (2142ms)
	LoadAllAssembliesAndSetupDomain (589ms)
		LoadAssemblies (480ms)
		AnalyzeDomain (427ms)
			TypeCache.Refresh (424ms)
				TypeCache.ScanAssembly (395ms)
	FinalizeReload (783ms)
		SetupLoadedEditorAssemblies (0ms)
			InitializePlatformSupportModulesInManaged (15ms)
			BeforeProcessingInitializeOnLoad (169ms)
			ProcessInitializeOnLoadAttributes (159ms)
			ProcessInitializeOnLoadMethodAttributes (275ms)
Initializing Unity extensions:
[Licensing::Client] Successfully resolved entitlement details
Curl error 3: URL rejected: Malformed input to a URL function
========================================================================
Worker process is ready to serve import requests
Import Worker Mode flag is 0x00
Begin MonoManager ReloadAssembly
Symbol file LoadedFromMemory is not a mono symbol file
Script 'CharacterController' has the same name as built-in Unity component.
AddComponent and GetComponent will not work with this script.
'Packages/com.meta.xr.sdk.core/Editor/RuntimeOptimizer/RuntimeOptimizerNetworking.cs' contains partial class of Unity.Object, exactly 1 of the partial classes needs to be in a file with the same filename. This is to know the one that can be referenced from ie. GameObjects
'Packages/com.meta.xr.sdk.core/Editor/BuildingBlocks/BlocksWindow.cs' contains partial class of Unity.Object, exactly 1 of the partial classes needs to be in a file with the same filename. This is to know the one that can be referenced from ie. GameObjects
'Packages/com.meta.xr.sdk.core/Editor/RuntimeOptimizer/RuntimeOptimizerStyles.cs' contains partial class of Unity.Object, exactly 1 of the partial classes needs to be in a file with the same filename. This is to know the one that can be referenced from ie. GameObjects
'Packages/com.meta.xr.sdk.core/Editor/RuntimeOptimizer/RuntimeOptimizer.cs' contains partial class of Unity.Object, exactly 1 of the partial classes needs to be in a file with the same filename. This is to know the one that can be referenced from ie. GameObjects
'Packages/com.meta.xr.sdk.core/Editor/BuildingBlocks/BlocksWindowDetailsExtension.cs' contains partial class of Unity.Object, exactly 1 of the partial classes needs to be in a file with the same filename. This is to know the one that can be referenced from ie. GameObjects
'Packages/com.meta.xr.sdk.core/Editor/BuildingBlocks/BlocksWindowCollectionsPageExtension.cs' contains partial class of Unity.Object, exactly 1 of the partial classes needs to be in a file with the same filename. This is to know the one that can be referenced from ie. GameObjects
Refreshing native plugins compatible for Editor in 57.50 ms, found 21 plugins.
Native extension for Android target not found
Native extension for WindowsStandalone target not found
[Package Manager] Failed to launch server process. Reason: Unity was launched with the -noUpm command-line argument
[Package Manager] Unable to send message (not connected to server process).
[Package Manager] Cannot connect to Unity Package Manager local server
Refreshing native plugins compatible for Editor in 30.31 ms, found 21 plugins.
I0730 13:19:28.405573 17256 OVRTelemetry.cpp:57] Telemetry_Init: calling startSession with engineName=Unity, pluginVersion=1.205.0
I0730 13:19:28.477987 17256 OVRTelemetry.cpp:61] Telemetry_Init: startSession completed successfully
[Package Manager] Failed to launch server process. Reason: Unity was launched with the -noUpm command-line argument
[Package Manager] Unable to send message (not connected to server process).
[Package Manager] Cannot connect to Unity Package Manager local server
I0730 13:19:28.799971 17256 OVRTelemetry.cpp:57] Telemetry_Init: calling startSession with engineName=Unity, pluginVersion=1.204.0
I0730 13:19:28.870164 17256 OVRTelemetry.cpp:61] Telemetry_Init: startSession completed successfully
[Package Manager] Failed to launch server process. Reason: Unity was launched with the -noUpm command-line argument
[Package Manager] Unable to send message (not connected to server process).
[Package Manager] Cannot connect to Unity Package Manager local server
Assertion failed on expression: '!AssetDatabase::IsAssetImportWorkerProcess()'
UnityEngine.Debug:ExtractStackTraceNoAlloc (byte*,int,string)
UnityEngine.StackTraceUtility:ExtractStackTrace ()
UnityEditor.AssetDatabase:SaveAssetIfDirty (UnityEngine.GUID)
UnityEditor.AssetDatabase:SaveAssetIfDirty (UnityEngine.Object)
UnityEditor.XR.OpenXR.Features.FeatureHelpersInternal:GetAllFeatureInfo (UnityEditor.BuildTargetGroup) (at ./Library/PackageCache/com.unity.xr.openxr@58837b2992e0/Editor/FeatureSupport/FeatureHelpers.cs:323)
UnityEditor.XR.OpenXR.Features.FeatureHelpers:RefreshFeatures (UnityEditor.BuildTargetGroup) (at ./Library/PackageCache/com.unity.xr.openxr@58837b2992e0/Editor/FeatureSupport/FeatureHelpers.cs:30)
UnityEditor.XR.OpenXR.OpenXRProjectValidationRulesSetup:AddOpenXRValidationRules () (at ./Library/PackageCache/com.unity.xr.openxr@58837b2992e0/Editor/OpenXRProjectValidationRulesSetup.cs:148)
UnityEditor.XR.OpenXR.OpenXRProjectValidationRulesSetup:UpdateOpenXRProjectValidation () (at ./Library/PackageCache/com.unity.xr.openxr@58837b2992e0/Editor/OpenXRProjectValidationRulesSetup.cs:67)
UnityEditor.XR.OpenXR.OpenXRProjectValidationRulesSetup:OpenXRProjectValidationCheck () (at ./Library/PackageCache/com.unity.xr.openxr@58837b2992e0/Editor/OpenXRProjectValidationRulesSetup.cs:43)
System.Reflection.RuntimeMethodInfo:Invoke (object,System.Reflection.BindingFlags,System.Reflection.Binder,object[],System.Globalization.CultureInfo)
System.Reflection.MethodBase:Invoke (object,object[])
UnityEditor.EditorAssemblies:ProcessInitializeOnLoadMethodAttributes ()

[./Library/PackageCache/com.unity.xr.openxr@58837b2992e0/Editor/FeatureSupport/FeatureHelpers.cs line 323]

Refresh completed but there are assets queued up for importing. Check for code that modifies assets which gets called after OnPostProcessAllAssets. Additional details in Log file
UnityEngine.Debug:ExtractStackTraceNoAlloc (byte*,int,string)
UnityEngine.StackTraceUtility:ExtractStackTrace ()
UnityEditor.AssetDatabase:SaveAssetIfDirty (UnityEngine.GUID)
UnityEditor.AssetDatabase:SaveAssetIfDirty (UnityEngine.Object)
UnityEditor.XR.OpenXR.Features.FeatureHelpersInternal:GetAllFeatureInfo (UnityEditor.BuildTargetGroup) (at ./Library/PackageCache/com.unity.xr.openxr@58837b2992e0/Editor/FeatureSupport/FeatureHelpers.cs:323)
UnityEditor.XR.OpenXR.Features.FeatureHelpers:RefreshFeatures (UnityEditor.BuildTargetGroup) (at ./Library/PackageCache/com.unity.xr.openxr@58837b2992e0/Editor/FeatureSupport/FeatureHelpers.cs:30)
UnityEditor.XR.OpenXR.OpenXRProjectValidationRulesSetup:AddOpenXRValidationRules () (at ./Library/PackageCache/com.unity.xr.openxr@58837b2992e0/Editor/OpenXRProjectValidationRulesSetup.cs:148)
UnityEditor.XR.OpenXR.OpenXRProjectValidationRulesSetup:UpdateOpenXRProjectValidation () (at ./Library/PackageCache/com.unity.xr.openxr@58837b2992e0/Editor/OpenXRProjectValidationRulesSetup.cs:67)
UnityEditor.XR.OpenXR.OpenXRProjectValidationRulesSetup:OpenXRProjectValidationCheck () (at ./Library/PackageCache/com.unity.xr.openxr@58837b2992e0/Editor/OpenXRProjectValidationRulesSetup.cs:43)
System.Reflection.RuntimeMethodInfo:Invoke (object,System.Reflection.BindingFlags,System.Reflection.Binder,object[],System.Globalization.CultureInfo)
System.Reflection.MethodBase:Invoke (object,object[])
UnityEditor.EditorAssemblies:ProcessInitializeOnLoadMethodAttributes ()

[./Library/PackageCache/com.unity.xr.openxr@58837b2992e0/Editor/FeatureSupport/FeatureHelpers.cs line 323]

Assets queued for import after Refresh completed:
	Assets/XR/Settings/OpenXRPackageSettings.asset
Asset Pipeline Refresh (id=ac571b904541bfa48bf1e2e9373c1b3b): Total: 0.002 seconds - Initiated by StopAssetImportingV2(NoUpdateAssetOptions)
Assertion failed on expression: 'm_Ptr'
UnityEngine.Debug:ExtractStackTraceNoAlloc (byte*,int,string)
UnityEngine.StackTraceUtility:ExtractStackTrace ()
UnityEditor.AssetDatabase:SaveAssetIfDirty (UnityEngine.GUID)
UnityEditor.AssetDatabase:SaveAssetIfDirty (UnityEngine.Object)
UnityEditor.XR.OpenXR.Features.FeatureHelpersInternal:GetAllFeatureInfo (UnityEditor.BuildTargetGroup) (at ./Library/PackageCache/com.unity.xr.openxr@58837b2992e0/Editor/FeatureSupport/FeatureHelpers.cs:323)
UnityEditor.XR.OpenXR.Features.FeatureHelpers:RefreshFeatures (UnityEditor.BuildTargetGroup) (at ./Library/PackageCache/com.unity.xr.openxr@58837b2992e0/Editor/FeatureSupport/FeatureHelpers.cs:30)
UnityEditor.XR.OpenXR.OpenXRProjectValidationRulesSetup:AddOpenXRValidationRules () (at ./Library/PackageCache/com.unity.xr.openxr@58837b2992e0/Editor/OpenXRProjectValidationRulesSetup.cs:148)
UnityEditor.XR.OpenXR.OpenXRProjectValidationRulesSetup:UpdateOpenXRProjectValidation () (at ./Library/PackageCache/com.unity.xr.openxr@58837b2992e0/Editor/OpenXRProjectValidationRulesSetup.cs:67)
UnityEditor.XR.OpenXR.OpenXRProjectValidationRulesSetup:OpenXRProjectValidationCheck () (at ./Library/PackageCache/com.unity.xr.openxr@58837b2992e0/Editor/OpenXRProjectValidationRulesSetup.cs:43)
System.Reflection.RuntimeMethodInfo:Invoke (object,System.Reflection.BindingFlags,System.Reflection.Binder,object[],System.Globalization.CultureInfo)
System.Reflection.MethodBase:Invoke (object,object[])
UnityEditor.EditorAssemblies:ProcessInitializeOnLoadMethodAttributes ()

[./Library/PackageCache/com.unity.xr.openxr@58837b2992e0/Editor/FeatureSupport/FeatureHelpers.cs line 323]

Assertion failed on expression: '!AssetDatabase::IsAssetImportWorkerProcess()'
UnityEngine.Debug:ExtractStackTraceNoAlloc (byte*,int,string)
UnityEngine.StackTraceUtility:ExtractStackTrace ()
UnityEditor.AssetDatabase:SaveAssetIfDirty (UnityEngine.GUID)
UnityEditor.AssetDatabase:SaveAssetIfDirty (UnityEngine.Object)
UnityEditor.XR.OpenXR.Features.FeatureHelpersInternal:GetAllFeatureInfo (UnityEditor.BuildTargetGroup) (at ./Library/PackageCache/com.unity.xr.openxr@58837b2992e0/Editor/FeatureSupport/FeatureHelpers.cs:323)
UnityEditor.XR.OpenXR.Features.FeatureHelpers:RefreshFeatures (UnityEditor.BuildTargetGroup) (at ./Library/PackageCache/com.unity.xr.openxr@58837b2992e0/Editor/FeatureSupport/FeatureHelpers.cs:30)
UnityEditor.XR.OpenXR.OpenXRProjectValidationRulesSetup:AddOpenXRValidationRules () (at ./Library/PackageCache/com.unity.xr.openxr@58837b2992e0/Editor/OpenXRProjectValidationRulesSetup.cs:148)
UnityEditor.XR.OpenXR.OpenXRProjectValidationRulesSetup:UpdateOpenXRProjectValidation () (at ./Library/PackageCache/com.unity.xr.openxr@58837b2992e0/Editor/OpenXRProjectValidationRulesSetup.cs:67)
UnityEditor.XR.OpenXR.OpenXRProjectValidationRulesSetup:OpenXRProjectValidationCheck () (at ./Library/PackageCache/com.unity.xr.openxr@58837b2992e0/Editor/OpenXRProjectValidationRulesSetup.cs:43)
System.Reflection.RuntimeMethodInfo:Invoke (object,System.Reflection.BindingFlags,System.Reflection.Binder,object[],System.Globalization.CultureInfo)
System.Reflection.MethodBase:Invoke (object,object[])
UnityEditor.EditorAssemblies:ProcessInitializeOnLoadMethodAttributes ()

[./Library/PackageCache/com.unity.xr.openxr@58837b2992e0/Editor/FeatureSupport/FeatureHelpers.cs line 323]

Refresh completed but there are assets queued up for importing. Check for code that modifies assets which gets called after OnPostProcessAllAssets. Additional details in Log file
UnityEngine.Debug:ExtractStackTraceNoAlloc (byte*,int,string)
UnityEngine.StackTraceUtility:ExtractStackTrace ()
UnityEditor.AssetDatabase:SaveAssetIfDirty (UnityEngine.GUID)
UnityEditor.AssetDatabase:SaveAssetIfDirty (UnityEngine.Object)
UnityEditor.XR.OpenXR.Features.FeatureHelpersInternal:GetAllFeatureInfo (UnityEditor.BuildTargetGroup) (at ./Library/PackageCache/com.unity.xr.openxr@58837b2992e0/Editor/FeatureSupport/FeatureHelpers.cs:323)
UnityEditor.XR.OpenXR.Features.FeatureHelpers:RefreshFeatures (UnityEditor.BuildTargetGroup) (at ./Library/PackageCache/com.unity.xr.openxr@58837b2992e0/Editor/FeatureSupport/FeatureHelpers.cs:30)
UnityEditor.XR.OpenXR.OpenXRProjectValidationRulesSetup:AddOpenXRValidationRules () (at ./Library/PackageCache/com.unity.xr.openxr@58837b2992e0/Editor/OpenXRProjectValidationRulesSetup.cs:148)
UnityEditor.XR.OpenXR.OpenXRProjectValidationRulesSetup:UpdateOpenXRProjectValidation () (at ./Library/PackageCache/com.unity.xr.openxr@58837b2992e0/Editor/OpenXRProjectValidationRulesSetup.cs:67)
UnityEditor.XR.OpenXR.OpenXRProjectValidationRulesSetup:OpenXRProjectValidationCheck () (at ./Library/PackageCache/com.unity.xr.openxr@58837b2992e0/Editor/OpenXRProjectValidationRulesSetup.cs:43)
System.Reflection.RuntimeMethodInfo:Invoke (object,System.Reflection.BindingFlags,System.Reflection.Binder,object[],System.Globalization.CultureInfo)
System.Reflection.MethodBase:Invoke (object,object[])
UnityEditor.EditorAssemblies:ProcessInitializeOnLoadMethodAttributes ()

[./Library/PackageCache/com.unity.xr.openxr@58837b2992e0/Editor/FeatureSupport/FeatureHelpers.cs line 323]

Assets queued for import after Refresh completed:
	Assets/XR/Settings/OpenXRPackageSettings.asset
Asset Pipeline Refresh (id=482638df5e3d5214aa1b518536427417): Total: 0.001 seconds - Initiated by StopAssetImportingV2(NoUpdateAssetOptions)
Assertion failed on expression: 'm_Ptr'
UnityEngine.Debug:ExtractStackTraceNoAlloc (byte*,int,string)
UnityEngine.StackTraceUtility:ExtractStackTrace ()
UnityEditor.AssetDatabase:SaveAssetIfDirty (UnityEngine.GUID)
UnityEditor.AssetDatabase:SaveAssetIfDirty (UnityEngine.Object)
UnityEditor.XR.OpenXR.Features.FeatureHelpersInternal:GetAllFeatureInfo (UnityEditor.BuildTargetGroup) (at ./Library/PackageCache/com.unity.xr.openxr@58837b2992e0/Editor/FeatureSupport/FeatureHelpers.cs:323)
UnityEditor.XR.OpenXR.Features.FeatureHelpers:RefreshFeatures (UnityEditor.BuildTargetGroup) (at ./Library/PackageCache/com.unity.xr.openxr@58837b2992e0/Editor/FeatureSupport/FeatureHelpers.cs:30)
UnityEditor.XR.OpenXR.OpenXRProjectValidationRulesSetup:AddOpenXRValidationRules () (at ./Library/PackageCache/com.unity.xr.openxr@58837b2992e0/Editor/OpenXRProjectValidationRulesSetup.cs:148)
UnityEditor.XR.OpenXR.OpenXRProjectValidationRulesSetup:UpdateOpenXRProjectValidation () (at ./Library/PackageCache/com.unity.xr.openxr@58837b2992e0/Editor/OpenXRProjectValidationRulesSetup.cs:67)
UnityEditor.XR.OpenXR.OpenXRProjectValidationRulesSetup:OpenXRProjectValidationCheck () (at ./Library/PackageCache/com.unity.xr.openxr@58837b2992e0/Editor/OpenXRProjectValidationRulesSetup.cs:43)
System.Reflection.RuntimeMethodInfo:Invoke (object,System.Reflection.BindingFlags,System.Reflection.Binder,object[],System.Globalization.CultureInfo)
System.Reflection.MethodBase:Invoke (object,object[])
UnityEditor.EditorAssemblies:ProcessInitializeOnLoadMethodAttributes ()

[./Library/PackageCache/com.unity.xr.openxr@58837b2992e0/Editor/FeatureSupport/FeatureHelpers.cs line 323]

ScheduleIndexationOnStartup MainProcess:False IndexOnStartup:True
Mono: successfully reloaded assembly
[Package Manager] Failed to launch server process. Reason: Unity was launched with the -noUpm command-line argument
[Package Manager] Unable to send message (not connected to server process).
[Package Manager] Cannot connect to Unity Package Manager local server
[Package Manager] Failed to launch server process. Reason: Unity was launched with the -noUpm command-line argument
[Package Manager] Unable to send message (not connected to server process).
[Package Manager] Cannot connect to Unity Package Manager local server
- Finished resetting the current domain, in  3.083 seconds
Domain Reload Profiling: 5573ms
	BeginReloadAssembly (311ms)
		DisableScriptedObjects (12ms)
		CreateAndSetChildDomain (54ms)
	RebuildCommonClasses (11ms)
	RebuildNativeTypeToScriptingClass (22ms)
	initialDomainReloadingComplete (138ms)
	LoadAllAssembliesAndSetupDomain (2006ms)
		LoadAssemblies (965ms)
		AnalyzeDomain (787ms)
			TypeCache.Refresh (496ms)
				TypeCache.ScanAssembly (454ms)
			BuildScriptInfoCaches (261ms)
			ResolveRequiredComponents (24ms)
	FinalizeReload (3085ms)
		SetupLoadedEditorAssemblies (0ms)
			InitializePlatformSupportModulesInManaged (20ms)
			BeforeProcessingInitializeOnLoad (199ms)
			ProcessInitializeOnLoadAttributes (1598ms)
			ProcessInitializeOnLoadMethodAttributes (673ms)
			AfterProcessingInitializeOnLoad (11ms)
		AwakeInstancesAfterBackupRestoration (7ms)
AcceleratorClientConnectionCallback - disconnected - :0
Shader 'Oculus/OVRMRCameraFrameLit': fallback shader 'Alpha-Diffuse' not found
Shader 'Meta/MRUK/Scene/HighlightsAndShadows': fallback shader 'Off' not found
Launched and connected shader compiler UnityShaderCompiler.exe after 0.02 seconds
Refreshing native plugins compatible for Editor in 20.34 ms, found 21 plugins.
Unloading 27 Unused Serialized files (Serialized files now loaded: 0)
Curl error 3: URL rejected: Malformed input to a URL function
Unloading 10711 unused Assets / (7.2 MB). Loaded Objects now: 11644.
Memory consumption went from 426.6 MB to 419.4 MB.
Total: 25.057600 ms (FindLiveObjects: 1.650000 ms CreateObjectMapping: 5.132100 ms MarkObjects: 13.875700 ms  DeleteObjects: 4.396900 ms)

========================================================================
Received Import Request.
  Time of request: 2026-07-30T06:19:32.0927372Z
  Time since last request: 804243.45242330001201 seconds.
  importAddress: GUID: 7d83cba011175b348a00dd821fe8cddd - Path: Packages/com.meta.xr.sdk.core/Editor/BuildingBlocks/BlockData/SampleSpatialAnchorController/Meshs/AnchorModel.fbx - Importer: PreviewImporter
Importing 'GUID: 7d83cba011175b348a00dd821fe8cddd - Path: Packages/com.meta.xr.sdk.core/Editor/BuildingBlocks/BlockData/SampleSpatialAnchorController/Meshs/AnchorModel.fbx - Importer: PreviewImporter' with importer (PreviewImporter)
Imported 'GUID: 7d83cba011175b348a00dd821fe8cddd' -> (Import Result ID: '29b0db9c2a9da87a666c1f0f4eb735f9') in 1.546 seconds [static and dynamic dependencies]. Details - ImportResultOutputID=1fbd05a4c927ef43f292675409ee529b DependenciesID=237e5dd21f9c7995d5b2ddb2e62c766e StaticDependenciesID=f053844843f9f0a5cd75bca730134e99 
Number of updated asset objects reloaded before import = 0
Number of asset objects unloaded after import = 33
========================================================================
Received Import Request.
  Time of request: 2026-07-30T06:19:33.6604933Z
  Time since last request: 0.0000483 seconds.
  importAddress: GUID: 055b4edebb104c34c842d52b42aca235 - Path: Packages/com.meta.xr.sdk.interaction/Runtime/Sample/Objects/Props/CoffeeCup/CoffeeCupFractured.fbx - Importer: PreviewImporter
Importing 'GUID: 055b4edebb104c34c842d52b42aca235 - Path: Packages/com.meta.xr.sdk.interaction/Runtime/Sample/Objects/Props/CoffeeCup/CoffeeCupFractured.fbx - Importer: PreviewImporter' with importer (PreviewImporter)
Imported 'GUID: 055b4edebb104c34c842d52b42aca235' -> (Import Result ID: 'a6ab45fbfd2dc713a832025c68c2f6f9') in 0.398 seconds [static and dynamic dependencies]. Details - ImportResultOutputID=f3101ca1271ac6d270794e16b0b85f97 DependenciesID=5f03996e215832e6d8e433ad9f526921 StaticDependenciesID=16a1318d65e8a0f29598c8bdb2fd780a 
Number of updated asset objects reloaded before import = 0
Number of asset objects unloaded after import = 87
========================================================================
Received Import Request.
  Time of request: 2026-07-30T06:19:34.0753851Z
  Time since last request: 0.0015825 seconds.
  importAddress: GUID: 0149d0c06fc814c9abda2f5a244f6d81 - Path: Packages/com.meta.xr.sdk.interaction/Runtime/Sample/Objects/Environment/Screen/Materials/FrameMaterial.fbx - Importer: PreviewImporter
Importing 'GUID: 0149d0c06fc814c9abda2f5a244f6d81 - Path: Packages/com.meta.xr.sdk.interaction/Runtime/Sample/Objects/Environment/Screen/Materials/FrameMaterial.fbx - Importer: PreviewImporter' with importer (PreviewImporter)
Imported 'GUID: 0149d0c06fc814c9abda2f5a244f6d81' -> (Import Result ID: 'd34fb6af3f4ae3519b02b12949fa898c') in 0.058 seconds [static and dynamic dependencies]. Details - ImportResultOutputID=7425bbfa6b97577e520eaa459bee27aa DependenciesID=48f70065f7d3c91ace1d060c7291eaa5 StaticDependenciesID=a10b109531f1de7a0a66512a717f33d7 
Number of updated asset objects reloaded before import = 0
Number of asset objects unloaded after import = 10
========================================================================
Received Import Request.
  Time of request: 2026-07-30T06:19:34.1543097Z
  Time since last request: 0.0024904 seconds.
  importAddress: GUID: cd73f6b8f40287b4098cc37be5584120 - Path: Packages/com.meta.xr.sdk.interaction/Runtime/Sample/Objects/Props/MapWithPins/Models/Map.fbx - Importer: PreviewImporter
Importing 'GUID: cd73f6b8f40287b4098cc37be5584120 - Path: Packages/com.meta.xr.sdk.interaction/Runtime/Sample/Objects/Props/MapWithPins/Models/Map.fbx - Importer: PreviewImporter' with importer (PreviewImporter)
Imported 'GUID: cd73f6b8f40287b4098cc37be5584120' -> (Import Result ID: '050bc865b8a7fa29c2d954d8617507a7') in 0.028 seconds [static and dynamic dependencies]. Details - ImportResultOutputID=b5e8c582777ac9def7475e3b91ed6544 DependenciesID=7277de3091e21ab0b95835a7d4e823e9 StaticDependenciesID=0f08587c843bdbef13cf25fa24ec411d 
Number of updated asset objects reloaded before import = 0
Number of asset objects unloaded after import = 8
========================================================================
Received Import Request.
  Time of request: 2026-07-30T06:19:34.2042431Z
  Time since last request: 0.0017692 seconds.
  importAddress: GUID: c7efe93ace20306458c529399e686c35 - Path: Packages/com.meta.xr.sdk.interaction/Runtime/Sample/Meshes/debug_full_body.fbx - Importer: PreviewImporter
Importing 'GUID: c7efe93ace20306458c529399e686c35 - Path: Packages/com.meta.xr.sdk.interaction/Runtime/Sample/Meshes/debug_full_body.fbx - Importer: PreviewImporter' with importer (PreviewImporter)
Imported 'GUID: c7efe93ace20306458c529399e686c35' -> (Import Result ID: '228ef540602ce841c70fdf961bd349a1') in 0.102 seconds [static and dynamic dependencies]. Details - ImportResultOutputID=5469ddc2f628d694df38c7b4673d478c DependenciesID=af90fa7cc2534d684a78ae60146208ea StaticDependenciesID=b2fdf6f94efd3793f51eb0f044272da5 
Number of updated asset objects reloaded before import = 0
Number of asset objects unloaded after import = 242
========================================================================
Received Import Request.
  Time of request: 2026-07-30T06:19:34.3266008Z
  Time since last request: 0.0018024 seconds.
  importAddress: GUID: 8e56f14f968be7649b8eb1d9550d5c9e - Path: Packages/com.meta.xr.sdk.core/Editor/BuildingBlocks/BlockData/AIBlocks/ImageSegmentation/Materials/3DSegmentationMask.mat - Importer: PreviewImporter
Importing 'GUID: 8e56f14f968be7649b8eb1d9550d5c9e - Path: Packages/com.meta.xr.sdk.core/Editor/BuildingBlocks/BlockData/AIBlocks/ImageSegmentation/Materials/3DSegmentationMask.mat - Importer: PreviewImporter' with importer (PreviewImporter)
Imported 'GUID: 8e56f14f968be7649b8eb1d9550d5c9e' -> (Import Result ID: 'f759c36f86da684781bd2cc76989b3a2') in 5.609 seconds [static and dynamic dependencies]. Details - ImportResultOutputID=27421f466e7ece9e7aa39c7e363503e7 DependenciesID=c482f00d37d337716c96cdcab46ddb36 StaticDependenciesID=d8c8004f02a9492ec9714dcb50eaf9ac 
Number of updated asset objects reloaded before import = 0
Number of asset objects unloaded after import = 1
========================================================================
Received Import Request.
  Time of request: 2026-07-30T06:19:39.9688587Z
  Time since last request: 0.002533 seconds.
  importAddress: GUID: a1c25e8e73c7f8f42a98e91dd31d27d8 - Path: Packages/com.meta.xr.sdk.core/Editor/BuildingBlocks/BlockData/RoomModel/Materials/Blue.mat - Importer: PreviewImporter
Importing 'GUID: a1c25e8e73c7f8f42a98e91dd31d27d8 - Path: Packages/com.meta.xr.sdk.core/Editor/BuildingBlocks/BlockData/RoomModel/Materials/Blue.mat - Importer: PreviewImporter' with importer (PreviewImporter)
Imported 'GUID: a1c25e8e73c7f8f42a98e91dd31d27d8' -> (Import Result ID: '7c2af58f1b833ebc62efd82a6cda369a') in 0.089 seconds [static and dynamic dependencies]. Details - ImportResultOutputID=5fc132172c01078b80218f9c1cd55962 DependenciesID=b3820130cc7e932ae3dea24efd9d0d63 StaticDependenciesID=902bb34d6e8b8d2c07b5d4cae3239ad9 
Number of updated asset objects reloaded before import = 0
Number of asset objects unloaded after import = 1
========================================================================
Received Import Request.
  Time of request: 2026-07-30T06:19:40.086001Z
  Time since last request: 0.0024746 seconds.
  importAddress: GUID: 3abd38e0d18db6c49b2c96961d69d024 - Path: Packages/com.meta.xr.sdk.core/Meshes/MetaQuestTouchPro/Materials/batteryIndicator_mat.mat - Importer: PreviewImporter
Importing 'GUID: 3abd38e0d18db6c49b2c96961d69d024 - Path: Packages/com.meta.xr.sdk.core/Meshes/MetaQuestTouchPro/Materials/batteryIndicator_mat.mat - Importer: PreviewImporter' with importer (PreviewImporter)
Imported 'GUID: 3abd38e0d18db6c49b2c96961d69d024' -> (Import Result ID: '43643cf562d16fe5e1129cbfc049dd33') in 0.060 seconds [static and dynamic dependencies]. Details - ImportResultOutputID=f8ed4bbc3eee900800ebc15748cec101 DependenciesID=715a1a40e8e0f3827af234245df0f8dc StaticDependenciesID=80dd34978e061bb439d60edd61840385 
Number of updated asset objects reloaded before import = 0
Number of asset objects unloaded after import = 2
========================================================================
Received Import Request.
  Time of request: 2026-07-30T06:19:40.1770317Z
  Time since last request: 0.0030376 seconds.
  importAddress: GUID: 4f1ef37ae953c484bbc5d5e4049147e5 - Path: Packages/com.unity.render-pipelines.universal/Editor/SceneTemplates/Materials/Black.mat - Importer: PreviewImporter
Importing 'GUID: 4f1ef37ae953c484bbc5d5e4049147e5 - Path: Packages/com.unity.render-pipelines.universal/Editor/SceneTemplates/Materials/Black.mat - Importer: PreviewImporter' with importer (PreviewImporter)
Imported 'GUID: 4f1ef37ae953c484bbc5d5e4049147e5' -> (Import Result ID: '5bddc464afdcb2f9fba53f44f26d03f1') in 0.036 seconds [static and dynamic dependencies]. Details - ImportResultOutputID=264b2132b2c916053afd68e5b677b44c DependenciesID=c4b80b5ed2e933e836631bfa60ef34ea StaticDependenciesID=f39b892eea7374046579f5d7f2252117 
Number of updated asset objects reloaded before import = 0
Number of asset objects unloaded after import = 2
========================================================================
Received Import Request.
  Time of request: 2026-07-30T06:19:40.2418676Z
  Time since last request: 0.0029989 seconds.
  importAddress: GUID: f55c0510071df304a9c250b081e5efca - Path: Packages/com.meta.xr.mrutilitykit/Core/Materials/BlobShadow.mat - Importer: PreviewImporter
Importing 'GUID: f55c0510071df304a9c250b081e5efca - Path: Packages/com.meta.xr.mrutilitykit/Core/Materials/BlobShadow.mat - Importer: PreviewImporter' with importer (PreviewImporter)
Imported 'GUID: f55c0510071df304a9c250b081e5efca' -> (Import Result ID: '6989d2ee4dd9af07e96cddec53243bc3') in 0.126 seconds [static and dynamic dependencies]. Details - ImportResultOutputID=50e3b4ae46035ad9cb1fd0c0ad3f693c DependenciesID=b8037960b53174fbdc9d0dcf863630e9 StaticDependenciesID=b4407a80d4f6423a22111003ba096c44 
Number of updated asset objects reloaded before import = 0
Number of asset objects unloaded after import = 3
========================================================================
Received Import Request.
  Time of request: 2026-07-30T06:19:40.402652Z
  Time since last request: 0.0027646 seconds.
  importAddress: GUID: c703a789a976640a0bb1213664b73ebe - Path: Packages/com.meta.xr.sdk.interaction/Runtime/Sample/Objects/Props/CoffeeCup/CoffeeCupMat.fbx - Importer: PreviewImporter
Importing 'GUID: c703a789a976640a0bb1213664b73ebe - Path: Packages/com.meta.xr.sdk.interaction/Runtime/Sample/Objects/Props/CoffeeCup/CoffeeCupMat.fbx - Importer: PreviewImporter' with importer (PreviewImporter)
Imported 'GUID: c703a789a976640a0bb1213664b73ebe' -> (Import Result ID: '9177a4f6b1a61695adcf59ee84cc51a3') in 0.105 seconds [static and dynamic dependencies]. Details - ImportResultOutputID=43f9dd6524c98cf1d12d8bfced94bf63 DependenciesID=eb38548aae310059b709921e0f5ffa4f StaticDependenciesID=509de3dd0ee2976cc3a54f432e244fad 
Number of updated asset objects reloaded before import = 0
Number of asset objects unloaded after import = 10
========================================================================
Received Import Request.
  Time of request: 2026-07-30T06:19:40.5450964Z
  Time since last request: 0.0014312 seconds.
  importAddress: GUID: aee84ce0dab81b049bb88017d78a63cd - Path: Packages/com.unity.shadergraph/GraphTemplates/Cross Pipeline/1_Lit Full.shadergraph - Importer: PreviewImporter
Importing 'GUID: aee84ce0dab81b049bb88017d78a63cd - Path: Packages/com.unity.shadergraph/GraphTemplates/Cross Pipeline/1_Lit Full.shadergraph - Importer: PreviewImporter' with importer (PreviewImporter)
Imported 'GUID: aee84ce0dab81b049bb88017d78a63cd' -> (Import Result ID: 'f6d4612800832970e72b37408b375fdf') in 6.646 seconds [static and dynamic dependencies]. Details - ImportResultOutputID=a5844c90fc9bab009430e9073c165e69 DependenciesID=97f535f0b1fbdb915fb19a19e1475961 StaticDependenciesID=ee86aa9a99b19befb4e9adb6842023c6 
Number of updated asset objects reloaded before import = 0
Number of asset objects unloaded after import = 7
========================================================================
Received Import Request.
  Time of request: 2026-07-30T06:19:47.22305Z
  Time since last request: 0.0019703 seconds.
  importAddress: GUID: 25a0ebb4827f3cc47a1af2c79005f65b - Path: Packages/com.unity.render-pipelines.universal/Editor/ShaderGraph/GraphTemplates/2D/1_2D Sprite Unlit.shadergraph - Importer: PreviewImporter
Importing 'GUID: 25a0ebb4827f3cc47a1af2c79005f65b - Path: Packages/com.unity.render-pipelines.universal/Editor/ShaderGraph/GraphTemplates/2D/1_2D Sprite Unlit.shadergraph - Importer: PreviewImporter' with importer (PreviewImporter)
Imported 'GUID: 25a0ebb4827f3cc47a1af2c79005f65b' -> (Import Result ID: '61547419f8c2b6d8074bd9877e182d99') in 0.599 seconds [static and dynamic dependencies]. Details - ImportResultOutputID=5a974f5e8d327506daada5ae2dad3439 DependenciesID=a0d804bb84c21e7029f487b9f34d17cf StaticDependenciesID=cdba550729340af0de10fdb286118e29 
Number of updated asset objects reloaded before import = 0
Number of asset objects unloaded after import = 2
========================================================================
Received Import Request.
  Time of request: 2026-07-30T06:19:47.8596747Z
  Time since last request: 0.0015627 seconds.
  importAddress: GUID: 30fa68ce467463643a86b839ca0eb195 - Path: Packages/com.unity.render-pipelines.universal/Runtime/Materials/ArnoldStandardSurface/ArnoldStandardSurfaceTransparent.shadergraph - Importer: PreviewImporter
Importing 'GUID: 30fa68ce467463643a86b839ca0eb195 - Path: Packages/com.unity.render-pipelines.universal/Runtime/Materials/ArnoldStandardSurface/ArnoldStandardSurfaceTransparent.shadergraph - Importer: PreviewImporter' with importer (PreviewImporter)
Imported 'GUID: 30fa68ce467463643a86b839ca0eb195' -> (Import Result ID: '58b6b4db9ec915d03026e1c9d38fd7a2') in 7.369 seconds [static and dynamic dependencies]. Details - ImportResultOutputID=8b01fc1f00bb953125e5b1a602558fef DependenciesID=8b549cfa6d368e39a6c7ca10c7ce07d3 StaticDependenciesID=5fdcd867ed3ca7b78a56d91fed9fc9b9 
Number of updated asset objects reloaded before import = 0
Number of asset objects unloaded after import = 6
========================================================================
Received Import Request.
  Time of request: 2026-07-30T06:19:55.2688959Z
  Time since last request: 0.0047891 seconds.
  importAddress: GUID: bfad0aba0faa90547b68abd10bb6be86 - Path: Packages/com.unity.render-pipelines.universal/Editor/ShaderGraph/GraphTemplates/2D/2_2D Sprite Custom Lit.shadergraph - Importer: PreviewImporter
Importing 'GUID: bfad0aba0faa90547b68abd10bb6be86 - Path: Packages/com.unity.render-pipelines.universal/Editor/ShaderGraph/GraphTemplates/2D/2_2D Sprite Custom Lit.shadergraph - Importer: PreviewImporter' with importer (PreviewImporter)
Imported 'GUID: bfad0aba0faa90547b68abd10bb6be86' -> (Import Result ID: 'e725580575df0b4f9ccc5a060ede0bf3') in 0.832 seconds [static and dynamic dependencies]. Details - ImportResultOutputID=e6c8e50d0270912ebd74bfe783c07fc6 DependenciesID=93f3e4fd18437c22732f8fbca8b805da StaticDependenciesID=d4d02079b478f9a24a2b5593a80c4518 
Number of updated asset objects reloaded before import = 0
Number of asset objects unloaded after import = 2
========================================================================
Received Import Request.
  Time of request: 2026-07-30T06:19:56.1488394Z
  Time since last request: 0.0030852 seconds.
  importAddress: GUID: 64a4f62f5089fb64cad9a5aef7953fac - Path: Packages/com.meta.xr.sdk.interaction/Runtime/Sample/Objects/Props/Box/Materials/BoxMat.mat - Importer: PreviewImporter
Importing 'GUID: 64a4f62f5089fb64cad9a5aef7953fac - Path: Packages/com.meta.xr.sdk.interaction/Runtime/Sample/Objects/Props/Box/Materials/BoxMat.mat - Importer: PreviewImporter' with importer (PreviewImporter)
Imported 'GUID: 64a4f62f5089fb64cad9a5aef7953fac' -> (Import Result ID: '7ff7318bcde079a4381d47ceb8697662') in 0.135 seconds [static and dynamic dependencies]. Details - ImportResultOutputID=cb56d67e7d82420601fb5c6fa0320dd9 DependenciesID=5e97bb38195c8a59e99b45464fb31440 StaticDependenciesID=e5bc19e0438f2caee5bbff2c3de71757 
Number of updated asset objects reloaded before import = 0
Number of asset objects unloaded after import = 3
========================================================================
Received Import Request.
  Time of request: 2026-07-30T06:19:56.3306428Z
  Time since last request: 0.0043597 seconds.
  importAddress: GUID: f0582660708844e45a9e38bb1ca02816 - Path: Packages/com.meta.xr.sdk.interaction/Runtime/Sample/Objects/Props/Guitar/Models/Guitar.fbx - Importer: PreviewImporter
Importing 'GUID: f0582660708844e45a9e38bb1ca02816 - Path: Packages/com.meta.xr.sdk.interaction/Runtime/Sample/Objects/Props/Guitar/Models/Guitar.fbx - Importer: PreviewImporter' with importer (PreviewImporter)
Imported 'GUID: f0582660708844e45a9e38bb1ca02816' -> (Import Result ID: 'e41a903246edee2ec76cadaf0e4db9ce') in 12.088 seconds [static and dynamic dependencies]. Details - ImportResultOutputID=0874ac270ac75b05c42525e62a81b184 DependenciesID=917a036c6e9c4539a392a57b4a567cf5 StaticDependenciesID=c1c5113056cc618b447ae7a0fd41d588 
Number of updated asset objects reloaded before import = 0
Number of asset objects unloaded after import = 18
========================================================================
Received Import Request.
  Time of request: 2026-07-30T06:20:08.4699888Z
  Time since last request: 0.003504 seconds.
  importAddress: GUID: 6cc34ec80006e8a429764b52c1b5e7c8 - Path: Packages/com.meta.xr.sdk.interaction/Runtime/Sample/Objects/Props/Materials/CubeMaterialBlue.fbx - Importer: PreviewImporter
Importing 'GUID: 6cc34ec80006e8a429764b52c1b5e7c8 - Path: Packages/com.meta.xr.sdk.interaction/Runtime/Sample/Objects/Props/Materials/CubeMaterialBlue.fbx - Importer: PreviewImporter' with importer (PreviewImporter)
Imported 'GUID: 6cc34ec80006e8a429764b52c1b5e7c8' -> (Import Result ID: '288f4a739302bfc8c0579f22abae0ff3') in 0.133 seconds [static and dynamic dependencies]. Details - ImportResultOutputID=3ee2d0cad963f375ae3d9e9ae78648e2 DependenciesID=95458f4fdb2bdd9f696914e70481e151 StaticDependenciesID=c15bb6a58240e95da4393ec19679c65b 
Number of updated asset objects reloaded before import = 0
Number of asset objects unloaded after import = 10
========================================================================
Received Import Request.
  Time of request: 2026-07-30T06:20:08.6573812Z
  Time since last request: 0.002565 seconds.
  importAddress: GUID: 19a47a3f839bd1e498891a423e4b92ec - Path: Packages/com.meta.xr.sdk.interaction/Runtime/Sample/Objects/Props/Locomotion/LocomotionTurorialUI.fbx - Importer: PreviewImporter
Importing 'GUID: 19a47a3f839bd1e498891a423e4b92ec - Path: Packages/com.meta.xr.sdk.interaction/Runtime/Sample/Objects/Props/Locomotion/LocomotionTurorialUI.fbx - Importer: PreviewImporter' with importer (PreviewImporter)
Imported 'GUID: 19a47a3f839bd1e498891a423e4b92ec' -> (Import Result ID: 'b5ec15dd74cdbc4ca48a341786cb4c30') in 0.229 seconds [static and dynamic dependencies]. Details - ImportResultOutputID=b2f3e932534e2a78938b307c56d5e9e0 DependenciesID=9b97e525ff85c75b5386e74ca403d927 StaticDependenciesID=419fed8c8d7b773c9950df682d5dc275 
Number of updated asset objects reloaded before import = 0
Number of asset objects unloaded after import = 28
========================================================================
Received Import Request.
  Time of request: 2026-07-30T06:20:08.9436139Z
  Time since last request: 0.0089896 seconds.
  importAddress: GUID: c2f9255d2e5177e45ae83432d253f435 - Path: Packages/com.meta.xr.mrutilitykit/Core/Materials/Blue.mat - Importer: PreviewImporter
Importing 'GUID: c2f9255d2e5177e45ae83432d253f435 - Path: Packages/com.meta.xr.mrutilitykit/Core/Materials/Blue.mat - Importer: PreviewImporter' with importer (PreviewImporter)
Imported 'GUID: c2f9255d2e5177e45ae83432d253f435' -> (Import Result ID: 'b3eed938ccf424604aae82dbad2df3f1') in 0.030 seconds [static and dynamic dependencies]. Details - ImportResultOutputID=f10a22ed9b92d5c3d4d23c102cb38bda DependenciesID=8a9ab2412dd93d93654cfd77fd055079 StaticDependenciesID=1ad5ec2d3a0619dd8d6edad4643004cd 
Number of updated asset objects reloaded before import = 0
Number of asset objects unloaded after import = 1
========================================================================
Received Import Request.
  Time of request: 2026-07-30T06:20:09.0164711Z
  Time since last request: 0.0007767 seconds.
  importAddress: GUID: 34b453e4d1fa5034abe065de8ae813ef - Path: Packages/com.meta.xr.sdk.interaction/Runtime/Sample/Objects/Environment/Locomotion/Models/BackgroundSkydome.fbx - Importer: PreviewImporter
Importing 'GUID: 34b453e4d1fa5034abe065de8ae813ef - Path: Packages/com.meta.xr.sdk.interaction/Runtime/Sample/Objects/Environment/Locomotion/Models/BackgroundSkydome.fbx - Importer: PreviewImporter' with importer (PreviewImporter)
Imported 'GUID: 34b453e4d1fa5034abe065de8ae813ef' -> (Import Result ID: '505ea66f554e4db703caf7334df83e47') in 0.100 seconds [static and dynamic dependencies]. Details - ImportResultOutputID=76921dbcbff86de14c1678da6e95ac4f DependenciesID=1b8007f47879c867b1749a81ad5956de StaticDependenciesID=895ee3fb8ba920143a7f680dab3bf251 
Number of updated asset objects reloaded before import = 0
Number of asset objects unloaded after import = 9
========================================================================
Received Import Request.
  Time of request: 2026-07-30T06:20:09.1638426Z
  Time since last request: 0.0028417 seconds.
  importAddress: GUID: 2b0f877ff73c16b4caad198b306c9357 - Path: Packages/com.meta.xr.sdk.core/Scripts/BuildingBlocks/MultiplayerBlocks/Shared/Colocation/ColocationPackage/Prefabs/AnchorUp.mat - Importer: PreviewImporter
Importing 'GUID: 2b0f877ff73c16b4caad198b306c9357 - Path: Packages/com.meta.xr.sdk.core/Scripts/BuildingBlocks/MultiplayerBlocks/Shared/Colocation/ColocationPackage/Prefabs/AnchorUp.mat - Importer: PreviewImporter' with importer (PreviewImporter)
Imported 'GUID: 2b0f877ff73c16b4caad198b306c9357' -> (Import Result ID: '89828f73637b4531dcb186c38a951cea') in 0.047 seconds [static and dynamic dependencies]. Details - ImportResultOutputID=442d1ad04b875680000365b487cea32e DependenciesID=e55fc815a9cd7e374c07abf4b9b121dc StaticDependenciesID=55d067fec96e82377c3e62aaae61f31d 
Number of updated asset objects reloaded before import = 0
Number of asset objects unloaded after import = 1
========================================================================
Received Import Request.
  Time of request: 2026-07-30T06:20:09.2507202Z
  Time since last request: 0.0025562 seconds.
  importAddress: GUID: 53e3d264818da91478e5d067bc71a07f - Path: Packages/com.meta.xr.sdk.core/Editor/BuildingBlocks/BlockData/AIBlocks/ImageSegmentation/Materials/3DBoundingBoxes.mat - Importer: PreviewImporter
Importing 'GUID: 53e3d264818da91478e5d067bc71a07f - Path: Packages/com.meta.xr.sdk.core/Editor/BuildingBlocks/BlockData/AIBlocks/ImageSegmentation/Materials/3DBoundingBoxes.mat - Importer: PreviewImporter' with importer (PreviewImporter)
Imported 'GUID: 53e3d264818da91478e5d067bc71a07f' -> (Import Result ID: 'afd608054d970a93480d83eac7b53c42') in 0.066 seconds [static and dynamic dependencies]. Details - ImportResultOutputID=c6d5845a55c5ffb0c56152a3d43ccc9f DependenciesID=778a480d046fc2fa5154b74ec512f153 StaticDependenciesID=3f58b38986658a68fe6bcccbf7e16903 
Number of updated asset objects reloaded before import = 0
Number of asset objects unloaded after import = 1
========================================================================
Received Import Request.
  Time of request: 2026-07-30T06:20:09.3558373Z
  Time since last request: 0.0025135 seconds.
  importAddress: GUID: c2388bbd9a37b844f9106c27fa3ddd76 - Path: Packages/com.meta.xr.sdk.voice/Lib/Wit.ai/Art/SHUB_Sample/Materials/antenna_mtl.mat - Importer: PreviewImporter
Importing 'GUID: c2388bbd9a37b844f9106c27fa3ddd76 - Path: Packages/com.meta.xr.sdk.voice/Lib/Wit.ai/Art/SHUB_Sample/Materials/antenna_mtl.mat - Importer: PreviewImporter' with importer (PreviewImporter)
Imported 'GUID: c2388bbd9a37b844f9106c27fa3ddd76' -> (Import Result ID: '5695dfb6f6645729eda345e4d2d591b5') in 0.079 seconds [static and dynamic dependencies]. Details - ImportResultOutputID=7a68f433c62e89f6a1e5e0b6b230df83 DependenciesID=c2b019b77470d02ac59c3b777cbc02d7 StaticDependenciesID=67eb4930a6f42e3674042c1cbdeb663e 
Number of updated asset objects reloaded before import = 0
Number of asset objects unloaded after import = 1
========================================================================
Received Import Request.
  Time of request: 2026-07-30T06:20:09.4750782Z
  Time since last request: 0.0027019 seconds.
  importAddress: GUID: 9ac639554b8a09943aa991b71ca0eb12 - Path: Packages/com.meta.xr.sdk.interaction/Runtime/Meshes/Locomotion/LocomotionLocation.fbx - Importer: PreviewImporter
Importing 'GUID: 9ac639554b8a09943aa991b71ca0eb12 - Path: Packages/com.meta.xr.sdk.interaction/Runtime/Meshes/Locomotion/LocomotionLocation.fbx - Importer: PreviewImporter' with importer (PreviewImporter)
Imported 'GUID: 9ac639554b8a09943aa991b71ca0eb12' -> (Import Result ID: '7b8125e342372e0fb54ceb28dacd5685') in 0.132 seconds [static and dynamic dependencies]. Details - ImportResultOutputID=e5520455cf14d2791521f4ed5b3be16d DependenciesID=2e0937961ba85d739716ae470138a6cc StaticDependenciesID=a1f350200ac8cf2526396aa7f8a73570 
Number of updated asset objects reloaded before import = 0
Number of asset objects unloaded after import = 17
========================================================================
Received Import Request.
  Time of request: 2026-07-30T06:20:09.6442409Z
  Time since last request: 0.0017716 seconds.
  importAddress: GUID: bde135b320597544b9ac325092409f8b - Path: Packages/com.unity.render-pipelines.universal/Editor/ShaderGraph/GraphTemplates/2D/0_2D Sprite Lit.shadergraph - Importer: PreviewImporter
Importing 'GUID: bde135b320597544b9ac325092409f8b - Path: Packages/com.unity.render-pipelines.universal/Editor/ShaderGraph/GraphTemplates/2D/0_2D Sprite Lit.shadergraph - Importer: PreviewImporter' with importer (PreviewImporter)
Imported 'GUID: bde135b320597544b9ac325092409f8b' -> (Import Result ID: 'cebdd0af15dd874db50c3b16e1460d80') in 0.430 seconds [static and dynamic dependencies]. Details - ImportResultOutputID=9e74c8b99f9dc1c0b4b1ac8d37babf31 DependenciesID=757eaa39f0a5f793a7cb6fd9837993d4 StaticDependenciesID=1654dc770446f9c096e6cbed464fa0c0 
Number of updated asset objects reloaded before import = 0
Number of asset objects unloaded after import = 2
========================================================================
Received Import Request.
  Time of request: 2026-07-30T06:20:10.1127134Z
  Time since last request: 0.0068259 seconds.
  importAddress: GUID: b40c172f3bf2e754ba937f81a100a40e - Path: Packages/com.meta.xr.mrutilitykit/Core/Materials/BROWN_Door.mat - Importer: PreviewImporter
Importing 'GUID: b40c172f3bf2e754ba937f81a100a40e - Path: Packages/com.meta.xr.mrutilitykit/Core/Materials/BROWN_Door.mat - Importer: PreviewImporter' with importer (PreviewImporter)
Imported 'GUID: b40c172f3bf2e754ba937f81a100a40e' -> (Import Result ID: '6a2107e6686acb17086af07d428e0cf8') in 5.931 seconds [static and dynamic dependencies]. Details - ImportResultOutputID=b3db8389d2a3e07298fd99ec945176be DependenciesID=f14e277e304abe328daf8dd9ebe5eb8c StaticDependenciesID=554089f4725ced5430519236b9338587 
Number of updated asset objects reloaded before import = 0
Number of asset objects unloaded after import = 2
========================================================================
Received Import Request.
  Time of request: 2026-07-30T06:20:16.0801699Z
  Time since last request: 0.0026283 seconds.
  importAddress: GUID: a680d9a9f8b66514abbfd3ae1c8f77f7 - Path: Packages/com.unity.shadergraph/GraphTemplates/Cross Pipeline/2_Particle Lit.shadergraph - Importer: PreviewImporter
Importing 'GUID: a680d9a9f8b66514abbfd3ae1c8f77f7 - Path: Packages/com.unity.shadergraph/GraphTemplates/Cross Pipeline/2_Particle Lit.shadergraph - Importer: PreviewImporter' with importer (PreviewImporter)
Imported 'GUID: a680d9a9f8b66514abbfd3ae1c8f77f7' -> (Import Result ID: '068f3b168bed9c2382bf674c7b336755') in 7.696 seconds [static and dynamic dependencies]. Details - ImportResultOutputID=bf0c40835594a1e5bde7cac7649715e7 DependenciesID=2b1b6714e6c93d38c97bc61cf27376b1 StaticDependenciesID=2ca70569857f6fef3aff90288223fb61 
Number of updated asset objects reloaded before import = 0
Number of asset objects unloaded after import = 10
========================================================================
Received Prepare
AcceleratorClientConnectionCallback - disconnected - :0
Refreshing native plugins compatible for Editor in 29.35 ms, found 21 plugins.
Unloading 27 Unused Serialized files (Serialized files now loaded: 0)
Unloading 26 unused Assets / (2.8 MB). Loaded Objects now: 11805.
Memory consumption went from 443.1 MB to 440.3 MB.
Total: 15.667100 ms (FindLiveObjects: 1.161900 ms CreateObjectMapping: 2.396500 ms MarkObjects: 11.699400 ms  DeleteObjects: 0.407700 ms)

Prepare: number of updated asset objects reloaded= 0
Shader 'Oculus/OVRMRCameraFrameLit': fallback shader 'Alpha-Diffuse' not found
Shader 'Meta/MRUK/Scene/HighlightsAndShadows': fallback shader 'Off' not found
========================================================================
Received Import Request.
  Time of request: 2026-07-30T06:21:45.9532775Z
  Time since last request: 82.1324161 seconds.
  importAddress: GUID: cb05afcdd457ccd4494135c17da93b90 - Path: Assets/Backup.unity - Importer: ScriptedImporter/UnityEditor.QuickSearchModule:UnityEditor.Search:ASIAI0B
Importing 'GUID: cb05afcdd457ccd4494135c17da93b90 - Path: Assets/Backup.unity - Importer: ScriptedImporter/UnityEditor.QuickSearchModule:UnityEditor.Search:ASIAI0B' with importer (ScriptedImporter : UnityEditor.QuickSearchModule:UnityEditor.Search:ASIAI0B)
Imported 'GUID: cb05afcdd457ccd4494135c17da93b90' -> (Import Result ID: '0dd054352d27453c2a45db7f8227cb1b') in 1.797 seconds [static and dynamic dependencies]. Details - ImportResultOutputID=cb880912323a59c4a65daf7b990849be DependenciesID=2b9f7d91053b9f8373011b1f5df92b10 StaticDependenciesID=cdf771664f76cee5beffd5382857710d 
Number of updated asset objects reloaded before import = 0
Number of asset objects unloaded after import = 1
========================================================================
Received Prepare
AcceleratorClientConnectionCallback - disconnected - :0
[Licensing::Client] Successfully resolved entitlement details
Begin MonoManager ReloadAssembly
Symbol file LoadedFromMemory is not a mono symbol file
Script 'CharacterController' has the same name as built-in Unity component.
AddComponent and GetComponent will not work with this script.
'Packages/com.meta.xr.sdk.core/Editor/RuntimeOptimizer/RuntimeOptimizerNetworking.cs' contains partial class of Unity.Object, exactly 1 of the partial classes needs to be in a file with the same filename. This is to know the one that can be referenced from ie. GameObjects
'Packages/com.meta.xr.sdk.core/Editor/BuildingBlocks/BlocksWindow.cs' contains partial class of Unity.Object, exactly 1 of the partial classes needs to be in a file with the same filename. This is to know the one that can be referenced from ie. GameObjects
'Packages/com.meta.xr.sdk.core/Editor/RuntimeOptimizer/RuntimeOptimizerStyles.cs' contains partial class of Unity.Object, exactly 1 of the partial classes needs to be in a file with the same filename. This is to know the one that can be referenced from ie. GameObjects
'Packages/com.meta.xr.sdk.core/Editor/RuntimeOptimizer/RuntimeOptimizer.cs' contains partial class of Unity.Object, exactly 1 of the partial classes needs to be in a file with the same filename. This is to know the one that can be referenced from ie. GameObjects
'Packages/com.meta.xr.sdk.core/Editor/BuildingBlocks/BlocksWindowDetailsExtension.cs' contains partial class of Unity.Object, exactly 1 of the partial classes needs to be in a file with the same filename. This is to know the one that can be referenced from ie. GameObjects
'Packages/com.meta.xr.sdk.core/Editor/BuildingBlocks/BlocksWindowCollectionsPageExtension.cs' contains partial class of Unity.Object, exactly 1 of the partial classes needs to be in a file with the same filename. This is to know the one that can be referenced from ie. GameObjects
Refreshing native plugins compatible for Editor in 19.50 ms, found 21 plugins.
Native extension for Android target not found
Native extension for WindowsStandalone target not found
[Package Manager] Failed to launch server process. Reason: Unity was launched with the -noUpm command-line argument
[Package Manager] Unable to send message (not connected to server process).
[Package Manager] Cannot connect to Unity Package Manager local server
Refreshing native plugins compatible for Editor in 22.79 ms, found 21 plugins.
[Package Manager] Failed to launch server process. Reason: Unity was launched with the -noUpm command-line argument
[Package Manager] Unable to send message (not connected to server process).
[Package Manager] Cannot connect to Unity Package Manager local server
[Package Manager] Failed to launch server process. Reason: Unity was launched with the -noUpm command-line argument
[Package Manager] Unable to send message (not connected to server process).
[Package Manager] Cannot connect to Unity Package Manager local server
ScheduleIndexationOnStartup MainProcess:False IndexOnStartup:True
Mono: successfully reloaded assembly
[Package Manager] Failed to launch server process. Reason: Unity was launched with the -noUpm command-line argument
[Package Manager] Unable to send message (not connected to server process).
[Package Manager] Cannot connect to Unity Package Manager local server
- Finished resetting the current domain, in  1.570 seconds
Domain Reload Profiling: 2671ms
	BeginReloadAssembly (327ms)
		DisableScriptedObjects (21ms)
		CreateAndSetChildDomain (93ms)
	RebuildCommonClasses (13ms)
	RebuildNativeTypeToScriptingClass (18ms)
	initialDomainReloadingComplete (87ms)
	LoadAllAssembliesAndSetupDomain (654ms)
		LoadAssemblies (534ms)
		AnalyzeDomain (31ms)
			TypeCache.Refresh (13ms)
			ResolveRequiredComponents (9ms)
	FinalizeReload (1572ms)
		SetupLoadedEditorAssemblies (0ms)
			InitializePlatformSupportModulesInManaged (11ms)
			BeforeProcessingInitializeOnLoad (151ms)
			ProcessInitializeOnLoadAttributes (656ms)
			ProcessInitializeOnLoadMethodAttributes (296ms)
			AfterProcessingInitializeOnLoad (8ms)
		AwakeInstancesAfterBackupRestoration (16ms)
Refreshing native plugins compatible for Editor in 19.97 ms, found 21 plugins.
Unloading 26 Unused Serialized files (Serialized files now loaded: 0)
Unloading 10691 unused Assets / (6.7 MB). Loaded Objects now: 11766.
Memory consumption went from 442.8 MB to 436.1 MB.
Total: 21.563700 ms (FindLiveObjects: 1.671800 ms CreateObjectMapping: 8.601000 ms MarkObjects: 7.920100 ms  DeleteObjects: 3.369100 ms)

Prepare: number of updated asset objects reloaded= 0
Shader 'Oculus/OVRMRCameraFrameLit': fallback shader 'Alpha-Diffuse' not found
Shader 'Meta/MRUK/Scene/HighlightsAndShadows': fallback shader 'Off' not found
========================================================================
Received Prepare
AcceleratorClientConnectionCallback - disconnected - :0
Refreshing native plugins compatible for Editor in 20.61 ms, found 21 plugins.
Unloading 26 Unused Serialized files (Serialized files now loaded: 0)
Unloading 26 unused Assets / (2.8 MB). Loaded Objects now: 11766.
Memory consumption went from 438.7 MB to 435.9 MB.
Total: 14.407900 ms (FindLiveObjects: 0.857500 ms CreateObjectMapping: 1.601000 ms MarkObjects: 11.435600 ms  DeleteObjects: 0.512300 ms)

Prepare: number of updated asset objects reloaded= 0
Shader 'Oculus/OVRMRCameraFrameLit': fallback shader 'Alpha-Diffuse' not found
Shader 'Meta/MRUK/Scene/HighlightsAndShadows': fallback shader 'Off' not found
========================================================================
Received Prepare
AcceleratorClientConnectionCallback - disconnected - :0
Refreshing native plugins compatible for Editor in 28.47 ms, found 21 plugins.
Unloading 26 Unused Serialized files (Serialized files now loaded: 0)
Unloading 26 unused Assets / (2.8 MB). Loaded Objects now: 11766.
Memory consumption went from 442.7 MB to 439.9 MB.
Total: 16.493700 ms (FindLiveObjects: 0.710100 ms CreateObjectMapping: 1.778700 ms MarkObjects: 13.493700 ms  DeleteObjects: 0.509500 ms)

Prepare: number of updated asset objects reloaded= 0
Shader 'Oculus/OVRMRCameraFrameLit': fallback shader 'Alpha-Diffuse' not found
Shader 'Meta/MRUK/Scene/HighlightsAndShadows': fallback shader 'Off' not found
========================================================================
Received Prepare
AcceleratorClientConnectionCallback - disconnected - :0
Refreshing native plugins compatible for Editor in 24.27 ms, found 21 plugins.
Unloading 26 Unused Serialized files (Serialized files now loaded: 0)
Unloading 26 unused Assets / (2.8 MB). Loaded Objects now: 11766.
Memory consumption went from 446.7 MB to 443.9 MB.
Total: 23.496800 ms (FindLiveObjects: 1.012400 ms CreateObjectMapping: 1.914900 ms MarkObjects: 19.986900 ms  DeleteObjects: 0.579600 ms)

Prepare: number of updated asset objects reloaded= 0
Shader 'Oculus/OVRMRCameraFrameLit': fallback shader 'Alpha-Diffuse' not found
Shader 'Meta/MRUK/Scene/HighlightsAndShadows': fallback shader 'Off' not found
Editor requested this worker to shutdown with reason: Editor is closing down
AcceleratorClientConnectionCallback - disconnected - :0
AssetImportWorker is now disconnected from the server
Process exiting
Exiting without the bug reporter. Application will terminate with return code 0