[Licensing::Module] Trying to connect to existing licensing client channel...
Built from '6000.5/staging' branch; Version is '6000.5.4f1 (d550df8bd089) revision 13979871'; Using compiler version '194234433'; Build Type 'Release'
OS: 'Windows 11  (10.0.26200) Core' Language: 'en' Physical Memory: 16016 MB
[Licensing::IpcConnector] Successfully connected to: "LicenseClient-User" at "2026-07-30T06:18:39.3675695Z"
BatchMode: 1, IsHumanControllingUs: 0, StartBugReporterOnCrash: 0, Is64bit: 1
System  architecture: x64
Process architecture: x64
Date: 2026-07-30T06:18:39Z

COMMAND LINE ARGUMENTS:
C:\Program Files\Unity\Hub\Editor\6000.5.4f1\Editor\Unity.exe
-adb2
-batchMode
-noUpm
-name
AssetImportWorkerHW0
-projectPath
C:/Users/User/InnvationChallenge/earth/My project (1)
-logFile
Logs/AssetImportWorkerHW0.log
-srvPort
52236
-parentPid
19604
-analyticsCloudUserId
anonymous
-analyticsCloudProjectId
a71e73b8-e509-432a-9909-3fdc3814ea85
-analyticsLocalProjectId
95543f3c1bdcaf14db9858cf1e7a5ca6
-licensingIpc
LicenseClient-User
-noDiagnosticSwitchPersistentStore
-job-worker-count
5
-background-job-worker-count
8
-asset-garbage-collectors
1
-force-d3d12
-name
AssetImport
Successfully changed project path to: C:/Users/User/InnvationChallenge/earth/My project (1)
C:/Users/User/InnvationChallenge/earth/My project (1)
[UnityMemory] Configuration Parameters - Can be set up in boot.config
    "memorysetup-temp-allocator-size-gi-baking-worker=262144"
    "memorysetup-temp-allocator-size-gi-baking-worker=262144"
    "memorysetup-temp-allocator-size-gi-baking-worker=262144"
    "memorysetup-temp-allocator-size-gi-baking-worker=262144"
    "memorysetup-temp-allocator-size-gi-baking-worker=262144"
    "memorysetup-temp-allocator-size-nav-mesh-worker=65536"
    "memorysetup-temp-allocator-size-audio-worker=65536"
    "memorysetup-temp-allocator-size-cloud-worker=32768"
    "memorysetup-temp-allocator-size-gfx=262144"
    "memorysetup-temp-allocator-size-preload-manager=33554432"
    "memorysetup-allocator-temp-initial-block-size-main=262144"
    "memorysetup-allocator-temp-initial-block-size-worker=262144"
    "memorysetup-temp-allocator-size-job-worker=262144"
    "memorysetup-temp-allocator-size-background-worker=32768"
    "memorysetup-bucket-allocator-granularity=16"
    "memorysetup-bucket-allocator-bucket-count=8"
    "memorysetup-bucket-allocator-block-size=33554432"
    "memorysetup-bucket-allocator-block-count=8"
    "memorysetup-main-allocator-block-size=16777216"
    "memorysetup-thread-allocator-block-size=16777216"
    "memorysetup-main-allocator-mimalloc-enabled=0"
    "memorysetup-gfx-main-allocator-block-size=16777216"
    "memorysetup-gfx-thread-allocator-block-size=16777216"
    "memorysetup-cache-allocator-block-size=4194304"
    "memorysetup-typetree-allocator-block-size=2097152"
    "memorysetup-profiler-bucket-allocator-granularity=16"
    "memorysetup-profiler-bucket-allocator-bucket-count=8"
    "memorysetup-profiler-bucket-allocator-block-size=33554432"
    "memorysetup-profiler-bucket-allocator-block-count=8"
    "memorysetup-profiler-allocator-block-size=16777216"
    "memorysetup-profiler-editor-allocator-block-size=1048576"
    "memorysetup-temp-allocator-size-main=16777216"
    "memorysetup-job-temp-allocator-block-size=2097152"
    "memorysetup-job-temp-allocator-block-size-background=1048576"
    "memorysetup-job-temp-allocator-reduction-small-platforms=262144"
Player connection [15316]  Target information:

Player connection [15316]  * "[IP] 192.168.1.9 [Port] 0 [Flags] 2 [Guid] 822333929 [EditorId] 822333929 [Version] 1048832 [Id] WindowsEditor(7,DESKTOP-8VBDTJF) [Debug] 1 [PackageName] WindowsEditor [ProjectName] Editor" 

Player connection [15316] Host joined multi-casting on [225.0.0.222:54997]...
Player connection [15316] Host joined alternative multi-casting on [225.0.0.222:34997]...
JobSystem: Creating JobQueue using job-worker-count value 5
Input System module state changed to: Initialized.
[Physics::Module] Initialized fallback backend.
[Physics::Module] Id: 0xdecafbad
Library Redirect Path: Library/
[Physics::Module] Selected backend.
[Physics::Module] Name: PhysX
[Physics::Module] Id: 0xf2b8ea05
[Physics::Module] SDK Version: 4.1.2
[Physics::Module] Integration Version: 1.0.0
[Physics::Module] Threading Mode: Multi-Threaded
Refreshing native plugins compatible for Editor in 38.65 ms, found 21 plugins.
Unity memory allocator detected: MetaXRAudio native memory allocations will be tracked.
Preloading 2 native plugins for Editor in 3.64 ms.
Initialize engine version: 6000.5.4f1 (d550df8bd089)
[Subsystems] Discovering subsystems at path C:/Program Files/Unity/Hub/Editor/6000.5.4f1/Editor/Data/Resources/UnitySubsystems
[Subsystems] Discovering subsystems at path C:/Users/User/InnvationChallenge/earth/My project (1)/Assets
Forcing GfxDevice: Direct3D 12
GfxDevice: creating device client; kGfxThreadingModeNonThreaded
d3d12: failed to query info queue interface (0x80004002).
Direct3D:
    Version:         Direct3D 12 [level 12.1]
    Renderer:        Intel(R) Iris(R) Xe Graphics (ID=0xa7a1)
    Vendor:          Intel
    VRAM:            8008 MB
    App VRAM Budget: 7352 MB
    Driver:          32.0.101.7076
    Unified Memory Architecture
    Cache Coherent UMA
Shader 'Meta/MRUK/Scene/HighlightsAndShadows': fallback shader 'Off' not found
Shader 'Oculus/OVRMRCameraFrameLit': fallback shader 'Alpha-Diffuse' not found
Initialize mono
Mono path[0] = 'C:/Program Files/Unity/Hub/Editor/6000.5.4f1/Editor/Data/Managed'
Mono path[1] = 'C:/Program Files/Unity/Hub/Editor/6000.5.4f1/Editor/Data/BCLExtensions/runtime/netstandard2.1'
Mono path[2] = 'C:/Program Files/Unity/Hub/Editor/6000.5.4f1/Editor/Data/MonoBleedingEdge/lib/mono/unityjit-win32'
Mono config path = 'C:/Program Files/Unity/Hub/Editor/6000.5.4f1/Editor/Data/MonoBleedingEdge/etc'
Using monoOptions --debugger-agent=transport=dt_socket,embedding=1,server=y,suspend=n,address=127.0.0.1:56504
CodeReloadManager initialized
Begin MonoManager ReloadAssembly
Registering precompiled unity dll's ...
Register platform support module: C:/Program Files/Unity/Hub/Editor/6000.5.4f1/Editor/Data/PlaybackEngines/WindowsStandaloneSupport/UnityEditor.WindowsStandalone.Extensions.dll
[Licensing::Module] Licensing is not yet initialized.
[Licensing::Client] Error: HandshakeResponse reported an error:
	ResponseCode: 505
	ResponseStatus: Unsupported protocol version '1.18.1'.
[Licensing::Module] Error: Failed to handshake to channel: "LicenseClient-User"
[Licensing::IpcConnector] LicenseClient-User channel disconnected successfully.
[Licensing::IpcConnector] Successfully connected to: "LicenseClient-User-6000.5.4" at "2026-07-30T06:18:42.9516389Z"
[Licensing::Client] Code 10 while verifying Licensing Client signature (process Id: 14220, path: "C:/Program Files/Unity/Hub/Editor/6000.5.4f1/Editor/Data/Resources/Licensing/Client/Unity.Licensing.Client.exe")
[Licensing::Module] LicensingClient has failed validation; ignoring
[Licensing::Client] Handshaking with LicensingClient:
  Version:                 1.18.1+9fbee8e
  Session Id:              0f00ce63d2fc4f5f90aa7ff6c4ba9457
  Correlation Id:          b62ffe51c4d26aac94dac92b17a65128
  External correlation Id: 5235202589050130200
  Machine Id:              jITQ/gih81PwLct2UbHAZ3GtFIM=
[Licensing::Module] Successfully connected to LicensingClient on channel: "LicenseClient-User-6000.5.4" (connect: 0.00s, validation: 0.00s, handshake: 0.01s)
[Licensing::IpcConnector] Successfully connected to: "LicenseClient-User-6000.5.4-notifications" at "2026-07-30T06:18:42.9634056Z"
[Licensing::Module] Licensing Background thread has ended after 3.60s
[Licensing::Module] Licensing is initialized (took 2.32s).
[Licensing::Client] Successfully resolved entitlement details
[Licensing::Module] License group:
  Id: 18968469318931-UnityPersXXXX
  Product: Unity Personal
  Type: Assigned
  Expiration: Unlimited
Register platform support module: C:/Program Files/Unity/Hub/Editor/6000.5.4f1/Editor/Data/PlaybackEngines/AndroidPlayer/UnityEditor.Android.Extensions.dll
Registered in 2.326978 seconds.
Native extension for Android target not found
Native extension for WindowsStandalone target not found
Package Manager log level set to [2]
[Package Manager] Failed to launch server process. Reason: Unity was launched with the -noUpm command-line argument
[Package Manager] Unable to send message (not connected to server process).
[Package Manager] Cannot connect to Unity Package Manager local server
ScheduleIndexationOnStartup MainProcess:False IndexOnStartup:True
Mono: successfully reloaded assembly
- Finished resetting the current domain, in  0.715 seconds
Domain Reload Profiling: 3808ms
	BeginReloadAssembly (195ms)
	RebuildCommonClasses (9ms)
	RebuildNativeTypeToScriptingClass (22ms)
	initialDomainReloadingComplete (2412ms)
	LoadAllAssembliesAndSetupDomain (454ms)
		LoadAssemblies (193ms)
		AnalyzeDomain (293ms)
			TypeCache.Refresh (292ms)
				TypeCache.ScanAssembly (265ms)
	FinalizeReload (717ms)
		SetupLoadedEditorAssemblies (0ms)
			InitializePlatformSupportModulesInManaged (15ms)
			BeforeProcessingInitializeOnLoad (226ms)
			ProcessInitializeOnLoadAttributes (135ms)
			ProcessInitializeOnLoadMethodAttributes (185ms)
Initializing Unity extensions:
[Licensing::Client] Successfully resolved entitlement details
========================================================================
Worker process is ready to serve import requests
Import Worker Mode flag is 0x00
Curl error 3: URL rejected: Malformed input to a URL function
Begin MonoManager ReloadAssembly
Symbol file LoadedFromMemory is not a mono symbol file
Script 'CharacterController' has the same name as built-in Unity component.
AddComponent and GetComponent will not work with this script.
'Packages/com.meta.xr.sdk.core/Editor/RuntimeOptimizer/RuntimeOptimizerNetworking.cs' contains partial class of Unity.Object, exactly 1 of the partial classes needs to be in a file with the same filename. This is to know the one that can be referenced from ie. GameObjects
'Packages/com.meta.xr.sdk.core/Editor/BuildingBlocks/BlocksWindow.cs' contains partial class of Unity.Object, exactly 1 of the partial classes needs to be in a file with the same filename. This is to know the one that can be referenced from ie. GameObjects
'Packages/com.meta.xr.sdk.core/Editor/RuntimeOptimizer/RuntimeOptimizerStyles.cs' contains partial class of Unity.Object, exactly 1 of the partial classes needs to be in a file with the same filename. This is to know the one that can be referenced from ie. GameObjects
'Packages/com.meta.xr.sdk.core/Editor/RuntimeOptimizer/RuntimeOptimizer.cs' contains partial class of Unity.Object, exactly 1 of the partial classes needs to be in a file with the same filename. This is to know the one that can be referenced from ie. GameObjects
'Packages/com.meta.xr.sdk.core/Editor/BuildingBlocks/BlocksWindowDetailsExtension.cs' contains partial class of Unity.Object, exactly 1 of the partial classes needs to be in a file with the same filename. This is to know the one that can be referenced from ie. GameObjects
'Packages/com.meta.xr.sdk.core/Editor/BuildingBlocks/BlocksWindowCollectionsPageExtension.cs' contains partial class of Unity.Object, exactly 1 of the partial classes needs to be in a file with the same filename. This is to know the one that can be referenced from ie. GameObjects
Refreshing native plugins compatible for Editor in 19.44 ms, found 21 plugins.
Native extension for Android target not found
Native extension for WindowsStandalone target not found
[Package Manager] Failed to launch server process. Reason: Unity was launched with the -noUpm command-line argument
[Package Manager] Unable to send message (not connected to server process).
[Package Manager] Cannot connect to Unity Package Manager local server
Refreshing native plugins compatible for Editor in 14.85 ms, found 21 plugins.
I0730 13:18:47.272382 15316 OVRTelemetry.cpp:57] Telemetry_Init: calling startSession with engineName=Unity, pluginVersion=1.205.0
I0730 13:18:47.283966 15316 OVRTelemetry.cpp:61] Telemetry_Init: startSession completed successfully
[Package Manager] Failed to launch server process. Reason: Unity was launched with the -noUpm command-line argument
[Package Manager] Unable to send message (not connected to server process).
[Package Manager] Cannot connect to Unity Package Manager local server
I0730 13:18:50.404942 15316 OVRTelemetry.cpp:57] Telemetry_Init: calling startSession with engineName=Unity, pluginVersion=1.204.0
I0730 13:18:50.425228 15316 OVRTelemetry.cpp:61] Telemetry_Init: startSession completed successfully
[Package Manager] Failed to launch server process. Reason: Unity was launched with the -noUpm command-line argument
[Package Manager] Unable to send message (not connected to server process).
[Package Manager] Cannot connect to Unity Package Manager local server
Assertion failed on expression: '!AssetDatabase::IsAssetImportWorkerProcess()'
UnityEngine.Debug:ExtractStackTraceNoAlloc (byte*,int,string)
UnityEngine.StackTraceUtility:ExtractStackTrace ()
UnityEditor.AssetDatabase:SaveAssetIfDirty (UnityEngine.GUID)
UnityEditor.AssetDatabase:SaveAssetIfDirty (UnityEngine.Object)
UnityEditor.XR.OpenXR.Features.FeatureHelpersInternal:GetAllFeatureInfo (UnityEditor.BuildTargetGroup) (at ./Library/PackageCache/com.unity.xr.openxr@58837b2992e0/Editor/FeatureSupport/FeatureHelpers.cs:323)
UnityEditor.XR.OpenXR.Features.FeatureHelpers:RefreshFeatures (UnityEditor.BuildTargetGroup) (at ./Library/PackageCache/com.unity.xr.openxr@58837b2992e0/Editor/FeatureSupport/FeatureHelpers.cs:30)
UnityEditor.XR.OpenXR.OpenXRProjectValidationRulesSetup:AddOpenXRValidationRules () (at ./Library/PackageCache/com.unity.xr.openxr@58837b2992e0/Editor/OpenXRProjectValidationRulesSetup.cs:148)
UnityEditor.XR.OpenXR.OpenXRProjectValidationRulesSetup:UpdateOpenXRProjectValidation () (at ./Library/PackageCache/com.unity.xr.openxr@58837b2992e0/Editor/OpenXRProjectValidationRulesSetup.cs:67)
UnityEditor.XR.OpenXR.OpenXRProjectValidationRulesSetup:OpenXRProjectValidationCheck () (at ./Library/PackageCache/com.unity.xr.openxr@58837b2992e0/Editor/OpenXRProjectValidationRulesSetup.cs:43)
System.Reflection.RuntimeMethodInfo:Invoke (object,System.Reflection.BindingFlags,System.Reflection.Binder,object[],System.Globalization.CultureInfo)
System.Reflection.MethodBase:Invoke (object,object[])
UnityEditor.EditorAssemblies:ProcessInitializeOnLoadMethodAttributes ()

[./Library/PackageCache/com.unity.xr.openxr@58837b2992e0/Editor/FeatureSupport/FeatureHelpers.cs line 323]

Refresh completed but there are assets queued up for importing. Check for code that modifies assets which gets called after OnPostProcessAllAssets. Additional details in Log file
UnityEngine.Debug:ExtractStackTraceNoAlloc (byte*,int,string)
UnityEngine.StackTraceUtility:ExtractStackTrace ()
UnityEditor.AssetDatabase:SaveAssetIfDirty (UnityEngine.GUID)
UnityEditor.AssetDatabase:SaveAssetIfDirty (UnityEngine.Object)
UnityEditor.XR.OpenXR.Features.FeatureHelpersInternal:GetAllFeatureInfo (UnityEditor.BuildTargetGroup) (at ./Library/PackageCache/com.unity.xr.openxr@58837b2992e0/Editor/FeatureSupport/FeatureHelpers.cs:323)
UnityEditor.XR.OpenXR.Features.FeatureHelpers:RefreshFeatures (UnityEditor.BuildTargetGroup) (at ./Library/PackageCache/com.unity.xr.openxr@58837b2992e0/Editor/FeatureSupport/FeatureHelpers.cs:30)
UnityEditor.XR.OpenXR.OpenXRProjectValidationRulesSetup:AddOpenXRValidationRules () (at ./Library/PackageCache/com.unity.xr.openxr@58837b2992e0/Editor/OpenXRProjectValidationRulesSetup.cs:148)
UnityEditor.XR.OpenXR.OpenXRProjectValidationRulesSetup:UpdateOpenXRProjectValidation () (at ./Library/PackageCache/com.unity.xr.openxr@58837b2992e0/Editor/OpenXRProjectValidationRulesSetup.cs:67)
UnityEditor.XR.OpenXR.OpenXRProjectValidationRulesSetup:OpenXRProjectValidationCheck () (at ./Library/PackageCache/com.unity.xr.openxr@58837b2992e0/Editor/OpenXRProjectValidationRulesSetup.cs:43)
System.Reflection.RuntimeMethodInfo:Invoke (object,System.Reflection.BindingFlags,System.Reflection.Binder,object[],System.Globalization.CultureInfo)
System.Reflection.MethodBase:Invoke (object,object[])
UnityEditor.EditorAssemblies:ProcessInitializeOnLoadMethodAttributes ()

[./Library/PackageCache/com.unity.xr.openxr@58837b2992e0/Editor/FeatureSupport/FeatureHelpers.cs line 323]

Assets queued for import after Refresh completed:
	Assets/XR/Settings/OpenXRPackageSettings.asset
Asset Pipeline Refresh (id=21ac740f64b5b284cb8e69185e85a378): Total: 0.002 seconds - Initiated by StopAssetImportingV2(NoUpdateAssetOptions)
Assertion failed on expression: 'm_Ptr'
UnityEngine.Debug:ExtractStackTraceNoAlloc (byte*,int,string)
UnityEngine.StackTraceUtility:ExtractStackTrace ()
UnityEditor.AssetDatabase:SaveAssetIfDirty (UnityEngine.GUID)
UnityEditor.AssetDatabase:SaveAssetIfDirty (UnityEngine.Object)
UnityEditor.XR.OpenXR.Features.FeatureHelpersInternal:GetAllFeatureInfo (UnityEditor.BuildTargetGroup) (at ./Library/PackageCache/com.unity.xr.openxr@58837b2992e0/Editor/FeatureSupport/FeatureHelpers.cs:323)
UnityEditor.XR.OpenXR.Features.FeatureHelpers:RefreshFeatures (UnityEditor.BuildTargetGroup) (at ./Library/PackageCache/com.unity.xr.openxr@58837b2992e0/Editor/FeatureSupport/FeatureHelpers.cs:30)
UnityEditor.XR.OpenXR.OpenXRProjectValidationRulesSetup:AddOpenXRValidationRules () (at ./Library/PackageCache/com.unity.xr.openxr@58837b2992e0/Editor/OpenXRProjectValidationRulesSetup.cs:148)
UnityEditor.XR.OpenXR.OpenXRProjectValidationRulesSetup:UpdateOpenXRProjectValidation () (at ./Library/PackageCache/com.unity.xr.openxr@58837b2992e0/Editor/OpenXRProjectValidationRulesSetup.cs:67)
UnityEditor.XR.OpenXR.OpenXRProjectValidationRulesSetup:OpenXRProjectValidationCheck () (at ./Library/PackageCache/com.unity.xr.openxr@58837b2992e0/Editor/OpenXRProjectValidationRulesSetup.cs:43)
System.Reflection.RuntimeMethodInfo:Invoke (object,System.Reflection.BindingFlags,System.Reflection.Binder,object[],System.Globalization.CultureInfo)
System.Reflection.MethodBase:Invoke (object,object[])
UnityEditor.EditorAssemblies:ProcessInitializeOnLoadMethodAttributes ()

[./Library/PackageCache/com.unity.xr.openxr@58837b2992e0/Editor/FeatureSupport/FeatureHelpers.cs line 323]

Assertion failed on expression: '!AssetDatabase::IsAssetImportWorkerProcess()'
UnityEngine.Debug:ExtractStackTraceNoAlloc (byte*,int,string)
UnityEngine.StackTraceUtility:ExtractStackTrace ()
UnityEditor.AssetDatabase:SaveAssetIfDirty (UnityEngine.GUID)
UnityEditor.AssetDatabase:SaveAssetIfDirty (UnityEngine.Object)
UnityEditor.XR.OpenXR.Features.FeatureHelpersInternal:GetAllFeatureInfo (UnityEditor.BuildTargetGroup) (at ./Library/PackageCache/com.unity.xr.openxr@58837b2992e0/Editor/FeatureSupport/FeatureHelpers.cs:323)
UnityEditor.XR.OpenXR.Features.FeatureHelpers:RefreshFeatures (UnityEditor.BuildTargetGroup) (at ./Library/PackageCache/com.unity.xr.openxr@58837b2992e0/Editor/FeatureSupport/FeatureHelpers.cs:30)
UnityEditor.XR.OpenXR.OpenXRProjectValidationRulesSetup:AddOpenXRValidationRules () (at ./Library/PackageCache/com.unity.xr.openxr@58837b2992e0/Editor/OpenXRProjectValidationRulesSetup.cs:148)
UnityEditor.XR.OpenXR.OpenXRProjectValidationRulesSetup:UpdateOpenXRProjectValidation () (at ./Library/PackageCache/com.unity.xr.openxr@58837b2992e0/Editor/OpenXRProjectValidationRulesSetup.cs:67)
UnityEditor.XR.OpenXR.OpenXRProjectValidationRulesSetup:OpenXRProjectValidationCheck () (at ./Library/PackageCache/com.unity.xr.openxr@58837b2992e0/Editor/OpenXRProjectValidationRulesSetup.cs:43)
System.Reflection.RuntimeMethodInfo:Invoke (object,System.Reflection.BindingFlags,System.Reflection.Binder,object[],System.Globalization.CultureInfo)
System.Reflection.MethodBase:Invoke (object,object[])
UnityEditor.EditorAssemblies:ProcessInitializeOnLoadMethodAttributes ()

[./Library/PackageCache/com.unity.xr.openxr@58837b2992e0/Editor/FeatureSupport/FeatureHelpers.cs line 323]

Refresh completed but there are assets queued up for importing. Check for code that modifies assets which gets called after OnPostProcessAllAssets. Additional details in Log file
UnityEngine.Debug:ExtractStackTraceNoAlloc (byte*,int,string)
UnityEngine.StackTraceUtility:ExtractStackTrace ()
UnityEditor.AssetDatabase:SaveAssetIfDirty (UnityEngine.GUID)
UnityEditor.AssetDatabase:SaveAssetIfDirty (UnityEngine.Object)
UnityEditor.XR.OpenXR.Features.FeatureHelpersInternal:GetAllFeatureInfo (UnityEditor.BuildTargetGroup) (at ./Library/PackageCache/com.unity.xr.openxr@58837b2992e0/Editor/FeatureSupport/FeatureHelpers.cs:323)
UnityEditor.XR.OpenXR.Features.FeatureHelpers:RefreshFeatures (UnityEditor.BuildTargetGroup) (at ./Library/PackageCache/com.unity.xr.openxr@58837b2992e0/Editor/FeatureSupport/FeatureHelpers.cs:30)
UnityEditor.XR.OpenXR.OpenXRProjectValidationRulesSetup:AddOpenXRValidationRules () (at ./Library/PackageCache/com.unity.xr.openxr@58837b2992e0/Editor/OpenXRProjectValidationRulesSetup.cs:148)
UnityEditor.XR.OpenXR.OpenXRProjectValidationRulesSetup:UpdateOpenXRProjectValidation () (at ./Library/PackageCache/com.unity.xr.openxr@58837b2992e0/Editor/OpenXRProjectValidationRulesSetup.cs:67)
UnityEditor.XR.OpenXR.OpenXRProjectValidationRulesSetup:OpenXRProjectValidationCheck () (at ./Library/PackageCache/com.unity.xr.openxr@58837b2992e0/Editor/OpenXRProjectValidationRulesSetup.cs:43)
System.Reflection.RuntimeMethodInfo:Invoke (object,System.Reflection.BindingFlags,System.Reflection.Binder,object[],System.Globalization.CultureInfo)
System.Reflection.MethodBase:Invoke (object,object[])
UnityEditor.EditorAssemblies:ProcessInitializeOnLoadMethodAttributes ()

[./Library/PackageCache/com.unity.xr.openxr@58837b2992e0/Editor/FeatureSupport/FeatureHelpers.cs line 323]

Assets queued for import after Refresh completed:
	Assets/XR/Settings/OpenXRPackageSettings.asset
Asset Pipeline Refresh (id=b8c881d736df10d47ab7e7efffdef201): Total: 0.001 seconds - Initiated by StopAssetImportingV2(NoUpdateAssetOptions)
Assertion failed on expression: 'm_Ptr'
UnityEngine.Debug:ExtractStackTraceNoAlloc (byte*,int,string)
UnityEngine.StackTraceUtility:ExtractStackTrace ()
UnityEditor.AssetDatabase:SaveAssetIfDirty (UnityEngine.GUID)
UnityEditor.AssetDatabase:SaveAssetIfDirty (UnityEngine.Object)
UnityEditor.XR.OpenXR.Features.FeatureHelpersInternal:GetAllFeatureInfo (UnityEditor.BuildTargetGroup) (at ./Library/PackageCache/com.unity.xr.openxr@58837b2992e0/Editor/FeatureSupport/FeatureHelpers.cs:323)
UnityEditor.XR.OpenXR.Features.FeatureHelpers:RefreshFeatures (UnityEditor.BuildTargetGroup) (at ./Library/PackageCache/com.unity.xr.openxr@58837b2992e0/Editor/FeatureSupport/FeatureHelpers.cs:30)
UnityEditor.XR.OpenXR.OpenXRProjectValidationRulesSetup:AddOpenXRValidationRules () (at ./Library/PackageCache/com.unity.xr.openxr@58837b2992e0/Editor/OpenXRProjectValidationRulesSetup.cs:148)
UnityEditor.XR.OpenXR.OpenXRProjectValidationRulesSetup:UpdateOpenXRProjectValidation () (at ./Library/PackageCache/com.unity.xr.openxr@58837b2992e0/Editor/OpenXRProjectValidationRulesSetup.cs:67)
UnityEditor.XR.OpenXR.OpenXRProjectValidationRulesSetup:OpenXRProjectValidationCheck () (at ./Library/PackageCache/com.unity.xr.openxr@58837b2992e0/Editor/OpenXRProjectValidationRulesSetup.cs:43)
System.Reflection.RuntimeMethodInfo:Invoke (object,System.Reflection.BindingFlags,System.Reflection.Binder,object[],System.Globalization.CultureInfo)
System.Reflection.MethodBase:Invoke (object,object[])
UnityEditor.EditorAssemblies:ProcessInitializeOnLoadMethodAttributes ()

[./Library/PackageCache/com.unity.xr.openxr@58837b2992e0/Editor/FeatureSupport/FeatureHelpers.cs line 323]

ScheduleIndexationOnStartup MainProcess:False IndexOnStartup:True
Mono: successfully reloaded assembly
[Package Manager] Failed to launch server process. Reason: Unity was launched with the -noUpm command-line argument
[Package Manager] Unable to send message (not connected to server process).
[Package Manager] Cannot connect to Unity Package Manager local server
[Package Manager] Failed to launch server process. Reason: Unity was launched with the -noUpm command-line argument
[Package Manager] Unable to send message (not connected to server process).
[Package Manager] Cannot connect to Unity Package Manager local server
- Finished resetting the current domain, in  4.910 seconds
Domain Reload Profiling: 6212ms
	BeginReloadAssembly (193ms)
		DisableScriptedObjects (5ms)
		CreateAndSetChildDomain (32ms)
	RebuildCommonClasses (9ms)
	RebuildNativeTypeToScriptingClass (18ms)
	initialDomainReloadingComplete (77ms)
	LoadAllAssembliesAndSetupDomain (1004ms)
		LoadAssemblies (482ms)
		AnalyzeDomain (449ms)
			TypeCache.Refresh (301ms)
				TypeCache.ScanAssembly (273ms)
			BuildScriptInfoCaches (134ms)
			ResolveRequiredComponents (11ms)
	FinalizeReload (4911ms)
		SetupLoadedEditorAssemblies (0ms)
			InitializePlatformSupportModulesInManaged (9ms)
			BeforeProcessingInitializeOnLoad (113ms)
			ProcessInitializeOnLoadAttributes (4081ms)
			ProcessInitializeOnLoadMethodAttributes (409ms)
			AfterProcessingInitializeOnLoad (6ms)
		AwakeInstancesAfterBackupRestoration (3ms)
AcceleratorClientConnectionCallback - disconnected - :0
Shader 'Oculus/OVRMRCameraFrameLit': fallback shader 'Alpha-Diffuse' not found
Shader 'Meta/MRUK/Scene/HighlightsAndShadows': fallback shader 'Off' not found
Launched and connected shader compiler UnityShaderCompiler.exe after 0.03 seconds
Refreshing native plugins compatible for Editor in 20.50 ms, found 21 plugins.
Unloading 27 Unused Serialized files (Serialized files now loaded: 0)
Curl error 3: URL rejected: Malformed input to a URL function
Unloading 10711 unused Assets / (9.0 MB). Loaded Objects now: 11644.
Memory consumption went from 430.5 MB to 421.5 MB.
Total: 22.792800 ms (FindLiveObjects: 1.269700 ms CreateObjectMapping: 4.738300 ms MarkObjects: 11.665300 ms  DeleteObjects: 5.116400 ms)

========================================================================
Received Prepare
AcceleratorClientConnectionCallback - disconnected - :0
Refreshing native plugins compatible for Editor in 13.70 ms, found 21 plugins.
Unloading 27 Unused Serialized files (Serialized files now loaded: 0)
Unloading 27 unused Assets / (2.8 MB). Loaded Objects now: 11644.
Memory consumption went from 421.1 MB to 418.3 MB.
Total: 14.589300 ms (FindLiveObjects: 0.522800 ms CreateObjectMapping: 1.546000 ms MarkObjects: 11.996900 ms  DeleteObjects: 0.521600 ms)

Prepare: number of updated asset objects reloaded= 0
Shader 'Oculus/OVRMRCameraFrameLit': fallback shader 'Alpha-Diffuse' not found
Shader 'Meta/MRUK/Scene/HighlightsAndShadows': fallback shader 'Off' not found
========================================================================
Received Prepare
AcceleratorClientConnectionCallback - disconnected - :0
Refreshing native plugins compatible for Editor in 13.49 ms, found 21 plugins.
Unloading 27 Unused Serialized files (Serialized files now loaded: 0)
Unloading 27 unused Assets / (2.8 MB). Loaded Objects now: 11644.
Memory consumption went from 425.0 MB to 422.1 MB.
Total: 12.880200 ms (FindLiveObjects: 0.614300 ms CreateObjectMapping: 1.453000 ms MarkObjects: 10.221700 ms  DeleteObjects: 0.589100 ms)

Prepare: number of updated asset objects reloaded= 0
Shader 'Oculus/OVRMRCameraFrameLit': fallback shader 'Alpha-Diffuse' not found
Shader 'Meta/MRUK/Scene/HighlightsAndShadows': fallback shader 'Off' not found
========================================================================
Received Import Request.
  Time of request: 2026-07-30T06:19:16.4345047Z
  Time since last request: 804227.7941915000556 seconds.
  importAddress: GUID: 811b870301828b44ab63575156ec2d15 - Path: Assets/Scripts/PlanetSurfaceExplorer.cs - Importer: ScriptedImporter/UnityEditor.QuickSearchModule:UnityEditor.Search:ASIAI0B
Importing 'GUID: 811b870301828b44ab63575156ec2d15 - Path: Assets/Scripts/PlanetSurfaceExplorer.cs - Importer: ScriptedImporter/UnityEditor.QuickSearchModule:UnityEditor.Search:ASIAI0B' with importer (ScriptedImporter : UnityEditor.QuickSearchModule:UnityEditor.Search:ASIAI0B)
Imported 'GUID: 811b870301828b44ab63575156ec2d15' -> (Import Result ID: 'b89a718a9d2e9ad01bfa466d4cf75bf3') in 0.116 seconds [static and dynamic dependencies]. Details - ImportResultOutputID=95b005e727e1ae210bbc641263870d2a DependenciesID=38a91a36433029a32dd6c923043edc52 StaticDependenciesID=9aec60ee3121434d4dc0c89c40e3e1f9 
Number of updated asset objects reloaded before import = 0
Number of asset objects unloaded after import = 0
========================================================================
Received Import Request.
  Time of request: 2026-07-30T06:19:16.5888763Z
  Time since last request: 0.0106959 seconds.
  importAddress: GUID: 6699f3212cc53ba45a26b0a8a155c6ac - Path: Assets/Scripts/SolarSystemBootstrapper.cs - Importer: ScriptedImporter/UnityEditor.QuickSearchModule:UnityEditor.Search:ASIAI0B
Importing 'GUID: 6699f3212cc53ba45a26b0a8a155c6ac - Path: Assets/Scripts/SolarSystemBootstrapper.cs - Importer: ScriptedImporter/UnityEditor.QuickSearchModule:UnityEditor.Search:ASIAI0B' with importer (ScriptedImporter : UnityEditor.QuickSearchModule:UnityEditor.Search:ASIAI0B)
Imported 'GUID: 6699f3212cc53ba45a26b0a8a155c6ac' -> (Import Result ID: '606847ce5f58689fa2f1000fa679ba74') in 0.015 seconds [static and dynamic dependencies]. Details - ImportResultOutputID=72e0bf4a309570b6ea4c7c8ffe152a10 DependenciesID=b82748abb6a8a4fe3e8debb50f316cc1 StaticDependenciesID=129d8dc484d106f663f522a3f2b34035 
Number of updated asset objects reloaded before import = 0
Number of asset objects unloaded after import = 0
========================================================================
Received Import Request.
  Time of request: 2026-07-30T06:19:16.6270163Z
  Time since last request: 0.0023552 seconds.
  importAddress: GUID: 9d280a0007dbe374c8d89bb59b9b3a58 - Path: Assets/Scripts/SolarSystemCameraController.cs - Importer: ScriptedImporter/UnityEditor.QuickSearchModule:UnityEditor.Search:ASIAI0B
Importing 'GUID: 9d280a0007dbe374c8d89bb59b9b3a58 - Path: Assets/Scripts/SolarSystemCameraController.cs - Importer: ScriptedImporter/UnityEditor.QuickSearchModule:UnityEditor.Search:ASIAI0B' with importer (ScriptedImporter : UnityEditor.QuickSearchModule:UnityEditor.Search:ASIAI0B)
Imported 'GUID: 9d280a0007dbe374c8d89bb59b9b3a58' -> (Import Result ID: '116b66d58b119b3f833a2f72adcec3a5') in 0.007 seconds [static and dynamic dependencies]. Details - ImportResultOutputID=d2e60ffb29a4fc351231a63a793fc6ce DependenciesID=40ee1ca9986f300e82f6ca54ed70e340 StaticDependenciesID=aa823ccb95cc580144b3e7a9752b095c 
Number of updated asset objects reloaded before import = 0
Number of asset objects unloaded after import = 0
========================================================================
Received Import Request.
  Time of request: 2026-07-30T06:19:16.6549162Z
  Time since last request: 0.0026749 seconds.
  importAddress: GUID: f998160efd1f6d14b9ae41c270ab0788 - Path: Assets/Scripts/PlanetLabelManager.cs - Importer: ScriptedImporter/UnityEditor.QuickSearchModule:UnityEditor.Search:ASIAI0B
Importing 'GUID: f998160efd1f6d14b9ae41c270ab0788 - Path: Assets/Scripts/PlanetLabelManager.cs - Importer: ScriptedImporter/UnityEditor.QuickSearchModule:UnityEditor.Search:ASIAI0B' with importer (ScriptedImporter : UnityEditor.QuickSearchModule:UnityEditor.Search:ASIAI0B)
Imported 'GUID: f998160efd1f6d14b9ae41c270ab0788' -> (Import Result ID: '72b81d4dcf2a94bfdfe2d869884dcb44') in 0.005 seconds [static and dynamic dependencies]. Details - ImportResultOutputID=437754c0bbf265296c11e3e398f4982c DependenciesID=ba8fabbd179d44646629fd583c8cfcf8 StaticDependenciesID=3efb7985884497e07e3f31d3cc29ad31 
Number of updated asset objects reloaded before import = 0
Number of asset objects unloaded after import = 0
========================================================================
Received Import Request.
  Time of request: 2026-07-30T06:19:16.6770283Z
  Time since last request: 0.0028934 seconds.
  importAddress: GUID: cb05afcdd457ccd4494135c17da93b90 - Path: Assets/Backup.unity - Importer: ScriptedImporter/UnityEditor.QuickSearchModule:UnityEditor.Search:ASIAI0B
Importing 'GUID: cb05afcdd457ccd4494135c17da93b90 - Path: Assets/Backup.unity - Importer: ScriptedImporter/UnityEditor.QuickSearchModule:UnityEditor.Search:ASIAI0B' with importer (ScriptedImporter : UnityEditor.QuickSearchModule:UnityEditor.Search:ASIAI0B)
Imported 'GUID: cb05afcdd457ccd4494135c17da93b90' -> (Import Result ID: '62b5665574fed89f538ab444eaf23d01') in 13.741 seconds [static and dynamic dependencies]. Details - ImportResultOutputID=259683aedadc445e1dd7bc0dfdbc27dc DependenciesID=5ba4eaf72284dee8148374ff7d091a21 StaticDependenciesID=3e9368edc9bf321177c1170ae78a016f 
Number of updated asset objects reloaded before import = 0
Number of asset objects unloaded after import = 1
========================================================================
Received Import Request.
  Time of request: 2026-07-30T06:19:30.4333983Z
  Time since last request: 0.0019204 seconds.
  importAddress: GUID: 63d7a3074516ce543aa430a10bf47a02 - Path: Assets/Scripts/PlanetProximityExplorer.cs - Importer: ScriptedImporter/UnityEditor.QuickSearchModule:UnityEditor.Search:ASIAI0B
Importing 'GUID: 63d7a3074516ce543aa430a10bf47a02 - Path: Assets/Scripts/PlanetProximityExplorer.cs - Importer: ScriptedImporter/UnityEditor.QuickSearchModule:UnityEditor.Search:ASIAI0B' with importer (ScriptedImporter : UnityEditor.QuickSearchModule:UnityEditor.Search:ASIAI0B)
Imported 'GUID: 63d7a3074516ce543aa430a10bf47a02' -> (Import Result ID: 'd822dc4ac9776e3f87a5f9bd690d3656') in 0.012 seconds [static and dynamic dependencies]. Details - ImportResultOutputID=7758523432b14f868b94c39c42da238a DependenciesID=58785fa36d9421ba7fc5c1ba59c66c4d StaticDependenciesID=b76310bbcf84da798771fe8c09eee06a 
Number of updated asset objects reloaded before import = 0
Number of asset objects unloaded after import = 0
========================================================================
Received Import Request.
  Time of request: 2026-07-30T06:19:32.1346089Z
  Time since last request: 1.6646939 seconds.
  importAddress: GUID: b9ae429aca254fa41966db24b9e53232 - Path: Packages/com.unity.render-pipelines.core/Runtime/RenderPipelineResources/Mesh/BackgroundMesh.fbx - Importer: PreviewImporter
Importing 'GUID: b9ae429aca254fa41966db24b9e53232 - Path: Packages/com.unity.render-pipelines.core/Runtime/RenderPipelineResources/Mesh/BackgroundMesh.fbx - Importer: PreviewImporter' with importer (PreviewImporter)
Imported 'GUID: b9ae429aca254fa41966db24b9e53232' -> (Import Result ID: '12c14956f0a1e230b8424d878692ad66') in 1.307 seconds [static and dynamic dependencies]. Details - ImportResultOutputID=0d5083a2daeccece561b66d8beed616d DependenciesID=184f65dc163651918f1527d868222990 StaticDependenciesID=9a0052d9fe942daffc3c2892358e9f8c 
Number of updated asset objects reloaded before import = 0
Number of asset objects unloaded after import = 9
========================================================================
Received Import Request.
  Time of request: 2026-07-30T06:19:33.4683356Z
  Time since last request: 0.0000511 seconds.
  importAddress: GUID: 2d1094ca45d7fbb4bb2fc2ba8b406ba0 - Path: Packages/com.meta.xr.sdk.interaction/Runtime/Sample/Objects/Props/Cube/Models/CubeMesh.fbx - Importer: PreviewImporter
Importing 'GUID: 2d1094ca45d7fbb4bb2fc2ba8b406ba0 - Path: Packages/com.meta.xr.sdk.interaction/Runtime/Sample/Objects/Props/Cube/Models/CubeMesh.fbx - Importer: PreviewImporter' with importer (PreviewImporter)
Imported 'GUID: 2d1094ca45d7fbb4bb2fc2ba8b406ba0' -> (Import Result ID: '390dfa6c0f0566a7091b25036b831def') in 0.064 seconds [static and dynamic dependencies]. Details - ImportResultOutputID=45fd2a5c8ef8cec3e1e91f1a303fe97d DependenciesID=3d3ba0190ac270e4ab7464c7df55cc4f StaticDependenciesID=65fab620b37f1587ffb30e16734fc614 
Number of updated asset objects reloaded before import = 0
Number of asset objects unloaded after import = 9
========================================================================
Received Import Request.
  Time of request: 2026-07-30T06:19:33.5488211Z
  Time since last request: 0.0001723 seconds.
  importAddress: GUID: 19820425148e24c4cbf2794200966cca - Path: Packages/com.meta.xr.sdk.interaction/Runtime/Sample/Objects/Props/Doll/Materials/DollMat.fbx - Importer: PreviewImporter
Importing 'GUID: 19820425148e24c4cbf2794200966cca - Path: Packages/com.meta.xr.sdk.interaction/Runtime/Sample/Objects/Props/Doll/Materials/DollMat.fbx - Importer: PreviewImporter' with importer (PreviewImporter)
Imported 'GUID: 19820425148e24c4cbf2794200966cca' -> (Import Result ID: '700c10a1c56e856e603f2230f5813747') in 6.512 seconds [static and dynamic dependencies]. Details - ImportResultOutputID=48d88bfb517dcf9401d21abd65d52cf8 DependenciesID=ac9d3e573aa5ac4f9fd1777728017d53 StaticDependenciesID=11726c5433b94a46dd126828bed9897f 
Number of updated asset objects reloaded before import = 0
Number of asset objects unloaded after import = 10
========================================================================
Received Import Request.
  Time of request: 2026-07-30T06:19:40.0832019Z
  Time since last request: 0.0021159 seconds.
  importAddress: GUID: 49b00ee46c5392846bbbc236c515acf0 - Path: Packages/com.meta.xr.sdk.core/Editor/BuildingBlocks/BlockData/SampleSpatialAnchorController/Materials/Blue.mat - Importer: PreviewImporter
Importing 'GUID: 49b00ee46c5392846bbbc236c515acf0 - Path: Packages/com.meta.xr.sdk.core/Editor/BuildingBlocks/BlockData/SampleSpatialAnchorController/Materials/Blue.mat - Importer: PreviewImporter' with importer (PreviewImporter)
Imported 'GUID: 49b00ee46c5392846bbbc236c515acf0' -> (Import Result ID: '7b98f61e938e6bce75ffdd3ec37ee774') in 0.055 seconds [static and dynamic dependencies]. Details - ImportResultOutputID=00e809736671fb241099de149e60bbe2 DependenciesID=92f23cc826addfd61bf83c5887f48203 StaticDependenciesID=e55b07e19ba4bbcaa896d57df62f630e 
Number of updated asset objects reloaded before import = 0
Number of asset objects unloaded after import = 1
========================================================================
Received Import Request.
  Time of request: 2026-07-30T06:19:40.1666634Z
  Time since last request: 0.0018456 seconds.
  importAddress: GUID: d786d4ccd0847a64f80d21ee6b07874f - Path: Packages/com.meta.xr.sdk.interaction/Runtime/Sample/Objects/Props/BigStone/Materials/BigStoneMat.mat - Importer: PreviewImporter
Importing 'GUID: d786d4ccd0847a64f80d21ee6b07874f - Path: Packages/com.meta.xr.sdk.interaction/Runtime/Sample/Objects/Props/BigStone/Materials/BigStoneMat.mat - Importer: PreviewImporter' with importer (PreviewImporter)
Imported 'GUID: d786d4ccd0847a64f80d21ee6b07874f' -> (Import Result ID: '9b86d97cb54e3875e59ba978e092915d') in 0.093 seconds [static and dynamic dependencies]. Details - ImportResultOutputID=115cbc17b5e072c3092699f3b27f0b42 DependenciesID=231ce8d54caec49dbe48809862bab4a3 StaticDependenciesID=cedad1e41d1ada99e4c44321e5df64d9 
Number of updated asset objects reloaded before import = 0
Number of asset objects unloaded after import = 2
========================================================================
Received Import Request.
  Time of request: 2026-07-30T06:19:40.2910716Z
  Time since last request: 0.0019428 seconds.
  importAddress: GUID: b94f320279ee72b4f93f5f8ea54370f1 - Path: Packages/com.meta.xr.sdk.core/Editor/BuildingBlocks/BlockData/AIBlocks/ObjectDetection/Materials/BoundingBoxMaterial.mat - Importer: PreviewImporter
Importing 'GUID: b94f320279ee72b4f93f5f8ea54370f1 - Path: Packages/com.meta.xr.sdk.core/Editor/BuildingBlocks/BlockData/AIBlocks/ObjectDetection/Materials/BoundingBoxMaterial.mat - Importer: PreviewImporter' with importer (PreviewImporter)
Imported 'GUID: b94f320279ee72b4f93f5f8ea54370f1' -> (Import Result ID: 'c58f3e879414ef885612320d7ccb0b4f') in 0.113 seconds [static and dynamic dependencies]. Details - ImportResultOutputID=3fbfbe6cf8c08e1d684e0863e6117d5e DependenciesID=ed74ffada3342f51287ab7fafff99dc4 StaticDependenciesID=558c4757452911b80edd4a1bd03b5c04 
Number of updated asset objects reloaded before import = 0
Number of asset objects unloaded after import = 2
========================================================================
Received Import Request.
  Time of request: 2026-07-30T06:19:40.4356854Z
  Time since last request: 0.0020997 seconds.
  importAddress: GUID: dffb75200a9c0da4ea0ddfa9d7060cb3 - Path: Packages/com.meta.xr.sdk.interaction/Runtime/Sample/Meshes/capsule_affordance.fbx - Importer: PreviewImporter
Importing 'GUID: dffb75200a9c0da4ea0ddfa9d7060cb3 - Path: Packages/com.meta.xr.sdk.interaction/Runtime/Sample/Meshes/capsule_affordance.fbx - Importer: PreviewImporter' with importer (PreviewImporter)
Imported 'GUID: dffb75200a9c0da4ea0ddfa9d7060cb3' -> (Import Result ID: 'd582bb69ce12f1c63b0850ea5ec3daef') in 0.106 seconds [static and dynamic dependencies]. Details - ImportResultOutputID=e04439d9af9a3308e1c94820aa385df1 DependenciesID=1c07daf191b12b81672cf30c8d968450 StaticDependenciesID=1db47c3bdf4cde6fbd2d3f3aa93e2acd 
Number of updated asset objects reloaded before import = 0
Number of asset objects unloaded after import = 18
========================================================================
Received Import Request.
  Time of request: 2026-07-30T06:19:40.5741243Z
  Time since last request: 0.0012811 seconds.
  importAddress: GUID: c3ba18e9fa5e9104098cbdbb3e23a5b4 - Path: Packages/com.meta.xr.sdk.core/Meshes/OculusTouchForRift/left_touch_controller_model_skel.fbx - Importer: PreviewImporter
Importing 'GUID: c3ba18e9fa5e9104098cbdbb3e23a5b4 - Path: Packages/com.meta.xr.sdk.core/Meshes/OculusTouchForRift/left_touch_controller_model_skel.fbx - Importer: PreviewImporter' with importer (PreviewImporter)
Imported 'GUID: c3ba18e9fa5e9104098cbdbb3e23a5b4' -> (Import Result ID: 'bdd98f88cd80bc27776b0d084dbe7e97') in 6.267 seconds [static and dynamic dependencies]. Details - ImportResultOutputID=0e9f7191c6333a4f8b0c3470e5630f50 DependenciesID=c5777641bb7a55e3479a0e5453c72a61 StaticDependenciesID=0833d3a8aba0da9d9a66722da9d6334a 
Number of updated asset objects reloaded before import = 0
Number of asset objects unloaded after import = 53
========================================================================
Received Import Request.
  Time of request: 2026-07-30T06:19:46.8796395Z
  Time since last request: 0.0015754 seconds.
  importAddress: GUID: 6f3598ad6e94e974faad4f84d8e07b77 - Path: Packages/com.meta.xr.mrutilitykit/Core/Materials/BLACK_Window.mat - Importer: PreviewImporter
Importing 'GUID: 6f3598ad6e94e974faad4f84d8e07b77 - Path: Packages/com.meta.xr.mrutilitykit/Core/Materials/BLACK_Window.mat - Importer: PreviewImporter' with importer (PreviewImporter)
Imported 'GUID: 6f3598ad6e94e974faad4f84d8e07b77' -> (Import Result ID: '87ab27f44e7e11b2a479f6660187c437') in 6.339 seconds [static and dynamic dependencies]. Details - ImportResultOutputID=972fc379c74dc08933523e037aac18e7 DependenciesID=d2711c31eb00c3e2ab66799d5aef4d54 StaticDependenciesID=a0fc60497c99fb149789abdaec26b8f4 
Number of updated asset objects reloaded before import = 0
Number of asset objects unloaded after import = 2
========================================================================
Received Import Request.
  Time of request: 2026-07-30T06:19:53.2447624Z
  Time since last request: 0.001848 seconds.
  importAddress: GUID: a2407126e3372f64cacb75ed466a5621 - Path: Packages/com.unity.shadergraph/GraphTemplates/Cross Pipeline/0_Lit Basic.shadergraph - Importer: PreviewImporter
Importing 'GUID: a2407126e3372f64cacb75ed466a5621 - Path: Packages/com.unity.shadergraph/GraphTemplates/Cross Pipeline/0_Lit Basic.shadergraph - Importer: PreviewImporter' with importer (PreviewImporter)
Imported 'GUID: a2407126e3372f64cacb75ed466a5621' -> (Import Result ID: '082c29a32cd22fb928d9556f2d37bc5f') in 12.042 seconds [static and dynamic dependencies]. Details - ImportResultOutputID=f1a77eab4890f366849f72ff3c344edd DependenciesID=fcff71a0b76bba887a15e94a580811a9 StaticDependenciesID=9e56a2626c22c6455a3ba3a2b43bee3e 
Number of updated asset objects reloaded before import = 0
Number of asset objects unloaded after import = 8
========================================================================
Received Import Request.
  Time of request: 2026-07-30T06:20:05.3199264Z
  Time since last request: 0.0024472 seconds.
  importAddress: GUID: 92f8857f77aa21b4a84ddcd592201dbd - Path: Packages/com.meta.xr.sdk.interaction/Runtime/Sample/Objects/Environment/Locomotion/Models/Materials/BalconyViewBoxMat.mat - Importer: PreviewImporter
Importing 'GUID: 92f8857f77aa21b4a84ddcd592201dbd - Path: Packages/com.meta.xr.sdk.interaction/Runtime/Sample/Objects/Environment/Locomotion/Models/Materials/BalconyViewBoxMat.mat - Importer: PreviewImporter' with importer (PreviewImporter)
Imported 'GUID: 92f8857f77aa21b4a84ddcd592201dbd' -> (Import Result ID: '498376b88a6c5a00c1a1dc90357ae16e') in 0.072 seconds [static and dynamic dependencies]. Details - ImportResultOutputID=43bcec8e487c5f04b2122ba72711ce5b DependenciesID=49b79438882137f8e461ecac0e22d09f StaticDependenciesID=e2bd20594caa6d600638df5b96946391 
Number of updated asset objects reloaded before import = 0
Number of asset objects unloaded after import = 1
========================================================================
Received Import Request.
  Time of request: 2026-07-30T06:20:05.530711Z
  Time since last request: 0.0881372 seconds.
  importAddress: GUID: 669025377795b574da66d9bb2472fcab - Path: Packages/com.meta.xr.sdk.core/Materials/Arrow.mat - Importer: PreviewImporter
Importing 'GUID: 669025377795b574da66d9bb2472fcab - Path: Packages/com.meta.xr.sdk.core/Materials/Arrow.mat - Importer: PreviewImporter' with importer (PreviewImporter)
Imported 'GUID: 669025377795b574da66d9bb2472fcab' -> (Import Result ID: 'b3f1b886cd5c1858897ea7afe342ac12') in 0.135 seconds [static and dynamic dependencies]. Details - ImportResultOutputID=6ca7141b5c51b9d3b0b23792b71c3c97 DependenciesID=0948f616d0b29037f8400655cc39476e StaticDependenciesID=9caf284bd1b78aeb39419b0cf553be82 
Number of updated asset objects reloaded before import = 0
Number of asset objects unloaded after import = 1
========================================================================
Received Import Request.
  Time of request: 2026-07-30T06:20:05.7080446Z
  Time since last request: 0.0042371 seconds.
  importAddress: GUID: 267e2151ff1c046c282a725a08fb90bc - Path: Packages/com.meta.xr.sdk.interaction/Runtime/Sample/Objects/Props/BigStone/Materials/BigStoneMat.fbx - Importer: PreviewImporter
Importing 'GUID: 267e2151ff1c046c282a725a08fb90bc - Path: Packages/com.meta.xr.sdk.interaction/Runtime/Sample/Objects/Props/BigStone/Materials/BigStoneMat.fbx - Importer: PreviewImporter' with importer (PreviewImporter)
Imported 'GUID: 267e2151ff1c046c282a725a08fb90bc' -> (Import Result ID: 'b2c70df96a4bafe1e22b0df25b76abb9') in 0.204 seconds [static and dynamic dependencies]. Details - ImportResultOutputID=9743972a9f5f489266a97558f60dc708 DependenciesID=02017fea7a19f6dde2ba4f3e0a90cd11 StaticDependenciesID=759081ed317bed89edd2a5559830d440 
Number of updated asset objects reloaded before import = 0
Number of asset objects unloaded after import = 10
========================================================================
Received Import Request.
  Time of request: 2026-07-30T06:20:05.9698541Z
  Time since last request: 0.0109652 seconds.
  importAddress: GUID: 07615c1ae01a77148ba9104f90cf3cf1 - Path: Packages/com.meta.xr.sdk.interaction/Runtime/Sample/Objects/Props/Key/Models/keyMesh.fbx - Importer: PreviewImporter
Importing 'GUID: 07615c1ae01a77148ba9104f90cf3cf1 - Path: Packages/com.meta.xr.sdk.interaction/Runtime/Sample/Objects/Props/Key/Models/keyMesh.fbx - Importer: PreviewImporter' with importer (PreviewImporter)
Imported 'GUID: 07615c1ae01a77148ba9104f90cf3cf1' -> (Import Result ID: '46dd2f1e762aace642dd50005d1eb313') in 0.075 seconds [static and dynamic dependencies]. Details - ImportResultOutputID=0ca80cf316b3b889e686ad4a376e56da DependenciesID=ffdebebc56a8be64e007a87d9ab06c2f StaticDependenciesID=a1be3e9bc2b7090e1eb17f8aded32ac6 
Number of updated asset objects reloaded before import = 0
Number of asset objects unloaded after import = 7
========================================================================
Received Import Request.
  Time of request: 2026-07-30T06:20:06.0926172Z
  Time since last request: 0.0040369 seconds.
  importAddress: GUID: 5c81372d981403744adbdda4433c9c11 - Path: Packages/com.unity.render-pipelines.universal/Shaders/AutodeskInteractive/AutodeskInteractiveTransparent.shadergraph - Importer: PreviewImporter
Importing 'GUID: 5c81372d981403744adbdda4433c9c11 - Path: Packages/com.unity.render-pipelines.universal/Shaders/AutodeskInteractive/AutodeskInteractiveTransparent.shadergraph - Importer: PreviewImporter' with importer (PreviewImporter)
Imported 'GUID: 5c81372d981403744adbdda4433c9c11' -> (Import Result ID: '8e06272a8ebf86482835bf4048e05214') in 7.950 seconds [static and dynamic dependencies]. Details - ImportResultOutputID=87ed5444931d339521d58c3a76605abe DependenciesID=cf1cfcd3f17ec63cc060c875139894c6 StaticDependenciesID=178fdce359d00ecdae87d21e956ee46e 
Number of updated asset objects reloaded before import = 0
Number of asset objects unloaded after import = 6
========================================================================
Received Import Request.
  Time of request: 2026-07-30T06:20:14.1033553Z
  Time since last request: 0.005681 seconds.
  importAddress: GUID: 103a9a65e5a204743be93c5e4212cf81 - Path: Packages/com.meta.xr.sdk.interaction/Runtime/Sample/Objects/Props/Guitar/Materials/GuitarMat.fbx - Importer: PreviewImporter
Importing 'GUID: 103a9a65e5a204743be93c5e4212cf81 - Path: Packages/com.meta.xr.sdk.interaction/Runtime/Sample/Objects/Props/Guitar/Materials/GuitarMat.fbx - Importer: PreviewImporter' with importer (PreviewImporter)
Imported 'GUID: 103a9a65e5a204743be93c5e4212cf81' -> (Import Result ID: 'c6fd3f31d076e7613ca23da179d06860') in 7.105 seconds [static and dynamic dependencies]. Details - ImportResultOutputID=b0bec4ddd83f9093da58b8b0281c10d2 DependenciesID=5b3499fab07d252fd73ab832119269c1 StaticDependenciesID=63a025f2b6d0ac33dbde9577adc59c38 
Number of updated asset objects reloaded before import = 0
Number of asset objects unloaded after import = 12
========================================================================
Received Import Request.
  Time of request: 2026-07-30T06:20:21.2374493Z
  Time since last request: 0.0024973 seconds.
  importAddress: GUID: 02fde525802c5434dba4ced59e17e6a0 - Path: Assets/XR/XRGeneralSettingsPerBuildTarget.asset - Importer: PreviewImporter
Importing 'GUID: 02fde525802c5434dba4ced59e17e6a0 - Path: Assets/XR/XRGeneralSettingsPerBuildTarget.asset - Importer: PreviewImporter' with importer (PreviewImporter)
Imported 'GUID: 02fde525802c5434dba4ced59e17e6a0' -> (Import Result ID: 'fa13be0539d4936a41d3fd3e89455d1d') in 0.024 seconds [static and dynamic dependencies]. Details - ImportResultOutputID=014191e488d8ac301bc81564d41d1967 DependenciesID=6da1a808cdf8eabc3bd022c8f5e7f382 StaticDependenciesID=2494b95800fd9342d9d78cc8702cbe50 
Number of updated asset objects reloaded before import = 0
Number of asset objects unloaded after import = 4
========================================================================
Received Import Request.
  Time of request: 2026-07-30T06:20:21.2966891Z
  Time since last request: 0.0017858 seconds.
  importAddress: GUID: af70fc3edbd215e438037aab32711dfd - Path: Packages/com.meta.xr.sdk.interaction/Runtime/Sample/Objects/Props/BigRedButton/Models/BigRedButton.fbx - Importer: PreviewImporter
Importing 'GUID: af70fc3edbd215e438037aab32711dfd - Path: Packages/com.meta.xr.sdk.interaction/Runtime/Sample/Objects/Props/BigRedButton/Models/BigRedButton.fbx - Importer: PreviewImporter' with importer (PreviewImporter)
Imported 'GUID: af70fc3edbd215e438037aab32711dfd' -> (Import Result ID: 'd81142c32821bed0fea30b0ee2c1e94e') in 0.344 seconds [static and dynamic dependencies]. Details - ImportResultOutputID=50957caab9669e81a488331732a93997 DependenciesID=b3bc75e401c8f847cf5d5cf9e1599946 StaticDependenciesID=d00d9e112c4468ba0d639711f2e907f7 
Number of updated asset objects reloaded before import = 0
Number of asset objects unloaded after import = 27
========================================================================
Received Import Request.
  Time of request: 2026-07-30T06:20:21.6691399Z
  Time since last request: 0.0008757 seconds.
  importAddress: GUID: 27b7629e54b332449bfa3a4065ffe17a - Path: Assets/Samples/XR Interaction Toolkit/3.5.1/Starter Assets/Models/BlinkVisual.fbx - Importer: PreviewImporter
Importing 'GUID: 27b7629e54b332449bfa3a4065ffe17a - Path: Assets/Samples/XR Interaction Toolkit/3.5.1/Starter Assets/Models/BlinkVisual.fbx - Importer: PreviewImporter' with importer (PreviewImporter)
Imported 'GUID: 27b7629e54b332449bfa3a4065ffe17a' -> (Import Result ID: '79c9fb28cdd19d8c480cfc393b88dc0c') in 0.271 seconds [static and dynamic dependencies]. Details - ImportResultOutputID=fc5d118a51e862ba870a59ab51475eb7 DependenciesID=9e2d610d61820fdec06934dae5c52f81 StaticDependenciesID=423294f1c48444d8698783dc13308c8c 
Number of updated asset objects reloaded before import = 0
Number of asset objects unloaded after import = 9
========================================================================
Received Import Request.
  Time of request: 2026-07-30T06:20:21.9723816Z
  Time since last request: 0.0029883 seconds.
  importAddress: GUID: 53d7b51a76eae92499f850ffcad17189 - Path: Packages/com.meta.xr.sdk.core/Scripts/BuildingBlocks/MultiplayerBlocks/Shared/Colocation/ColocationPackage/Prefabs/AnchorForward.mat - Importer: PreviewImporter
Importing 'GUID: 53d7b51a76eae92499f850ffcad17189 - Path: Packages/com.meta.xr.sdk.core/Scripts/BuildingBlocks/MultiplayerBlocks/Shared/Colocation/ColocationPackage/Prefabs/AnchorForward.mat - Importer: PreviewImporter' with importer (PreviewImporter)
Imported 'GUID: 53d7b51a76eae92499f850ffcad17189' -> (Import Result ID: '3313aa8dd20a8855fcff752c90df3665') in 0.066 seconds [static and dynamic dependencies]. Details - ImportResultOutputID=78e16cb1e65a805d22f1e6009fabca05 DependenciesID=653491011a4e0b9483e63b980b82d857 StaticDependenciesID=59b132b4879c716e6326e10b78db5e36 
Number of updated asset objects reloaded before import = 0
Number of asset objects unloaded after import = 1
========================================================================
Received Import Request.
  Time of request: 2026-07-30T06:20:22.0906403Z
  Time since last request: 0.0012171 seconds.
  importAddress: GUID: 1716ff8c1e51af14280cc97fbcba3b11 - Path: Packages/com.unity.shadergraph/GraphTemplates/Cross Pipeline/1_Decal Material Volume.shadergraph - Importer: PreviewImporter
Importing 'GUID: 1716ff8c1e51af14280cc97fbcba3b11 - Path: Packages/com.unity.shadergraph/GraphTemplates/Cross Pipeline/1_Decal Material Volume.shadergraph - Importer: PreviewImporter' with importer (PreviewImporter)
Imported 'GUID: 1716ff8c1e51af14280cc97fbcba3b11' -> (Import Result ID: 'b3ffc5ddfcf93081c7ea475319476b0a') in 0.037 seconds [static and dynamic dependencies]. Details - ImportResultOutputID=b90496dae7f04c9ca76df74a5a230243 DependenciesID=eeacca7b50c094448bdff7f573fec398 StaticDependenciesID=0c9ddaf14412d4ebd9ed1d28685194eb 
Number of updated asset objects reloaded before import = 0
Number of asset objects unloaded after import = 2
========================================================================
Received Import Request.
  Time of request: 2026-07-30T06:20:22.1766329Z
  Time since last request: 0.0012753 seconds.
  importAddress: GUID: 5ba7d209f622bb44e87b47ce27ee27b7 - Path: Packages/com.meta.xr.sdk.core/Materials/BasicHandMaterial.mat - Importer: PreviewImporter
Importing 'GUID: 5ba7d209f622bb44e87b47ce27ee27b7 - Path: Packages/com.meta.xr.sdk.core/Materials/BasicHandMaterial.mat - Importer: PreviewImporter' with importer (PreviewImporter)
Imported 'GUID: 5ba7d209f622bb44e87b47ce27ee27b7' -> (Import Result ID: 'd85034c4ba0cc973b25e734393c1bfd7') in 0.093 seconds [static and dynamic dependencies]. Details - ImportResultOutputID=c10b2f7f2e3d44b5577c1422112e6feb DependenciesID=4952d10784a5993f6a1b0f51e9449a98 StaticDependenciesID=6ffcd4e72502379b82d5af191b95363d 
Number of updated asset objects reloaded before import = 0
Number of asset objects unloaded after import = 2
Editor requested this worker to shutdown with reason: Scaling down because of idle timeout
AcceleratorClientConnectionCallback - disconnected - :0
AssetImportWorker is now disconnected from the server
Process exiting
Exiting without the bug reporter. Application will terminate with return code 0